Component: ARM Compiler 5.06 update 6 (build 750) Tool: armlink [4d35ed]

==============================================================================

Section Cross References

    startup_stm32g070xx.o(RESET) refers to startup_stm32g070xx.o(STACK) for __initial_sp
    startup_stm32g070xx.o(RESET) refers to startup_stm32g070xx.o(.text) for Reset_Handler
    startup_stm32g070xx.o(RESET) refers to stm32g0xx_it.o(i.NMI_Handler) for NMI_Handler
    startup_stm32g070xx.o(RESET) refers to stm32g0xx_it.o(i.HardFault_Handler) for HardFault_Handler
    startup_stm32g070xx.o(RESET) refers to stm32g0xx_it.o(i.SVC_Handler) for SVC_Handler
    startup_stm32g070xx.o(RESET) refers to stm32g0xx_it.o(i.PendSV_Handler) for PendSV_Handler
    startup_stm32g070xx.o(RESET) refers to stm32g0xx_it.o(i.SysTick_Handler) for SysTick_Handler
    startup_stm32g070xx.o(RESET) refers to stm32g0xx_it.o(i.RTC_TAMP_IRQHandler) for RTC_TAMP_IRQHandler
    startup_stm32g070xx.o(RESET) refers to stm32g0xx_it.o(i.TIM6_IRQHandler) for TIM6_IRQHandler
    startup_stm32g070xx.o(RESET) refers to stm32g0xx_it.o(i.TIM7_IRQHandler) for TIM7_IRQHandler
    startup_stm32g070xx.o(RESET) refers to stm32g0xx_it.o(i.TIM14_IRQHandler) for TIM14_IRQHandler
    startup_stm32g070xx.o(RESET) refers to stm32g0xx_it.o(i.TIM15_IRQHandler) for TIM15_IRQHandler
    startup_stm32g070xx.o(RESET) refers to stm32g0xx_it.o(i.TIM16_IRQHandler) for TIM16_IRQHandler
    startup_stm32g070xx.o(RESET) refers to stm32g0xx_it.o(i.TIM17_IRQHandler) for TIM17_IRQHandler
    startup_stm32g070xx.o(RESET) refers to stm32g0xx_it.o(i.USART1_IRQHandler) for USART1_IRQHandler
    startup_stm32g070xx.o(RESET) refers to stm32g0xx_it.o(i.USART2_IRQHandler) for USART2_IRQHandler
    startup_stm32g070xx.o(RESET) refers to stm32g0xx_it.o(i.USART3_4_IRQHandler) for USART3_4_IRQHandler
    startup_stm32g070xx.o(.text) refers to system_stm32g0xx.o(i.SystemInit) for SystemInit
    startup_stm32g070xx.o(.text) refers to entry.o(.ARM.Collect$$$$00000000) for __main
    main.o(i.SystemClock_Config) refers to stm32g0xx_ll_utils.o(i.LL_SetSystemCoreClock) for LL_SetSystemCoreClock
    main.o(i.SystemClock_Config) refers to stm32g0xx_hal.o(i.HAL_InitTick) for HAL_InitTick
    main.o(i.fputc) refers to stm32g0xx_hal_uart.o(i.HAL_UART_Transmit) for HAL_UART_Transmit
    main.o(i.fputc) refers to usart.o(.bss) for huart1
    main.o(i.main) refers to stm32g0xx_hal.o(i.HAL_Init) for HAL_Init
    main.o(i.main) refers to main.o(i.SystemClock_Config) for SystemClock_Config
    main.o(i.main) refers to gpio.o(i.MX_GPIO_Init) for MX_GPIO_Init
    main.o(i.main) refers to rtc.o(i.MX_RTC_Init) for MX_RTC_Init
    main.o(i.main) refers to spi.o(i.MX_SPI2_Init) for MX_SPI2_Init
    main.o(i.main) refers to tim.o(i.MX_TIM3_Init) for MX_TIM3_Init
    main.o(i.main) refers to tim.o(i.MX_TIM14_Init) for MX_TIM14_Init
    main.o(i.main) refers to tim.o(i.MX_TIM15_Init) for MX_TIM15_Init
    main.o(i.main) refers to tim.o(i.MX_TIM16_Init) for MX_TIM16_Init
    main.o(i.main) refers to tim.o(i.MX_TIM17_Init) for MX_TIM17_Init
    main.o(i.main) refers to usart.o(i.MX_USART1_UART_Init) for MX_USART1_UART_Init
    main.o(i.main) refers to usart.o(i.MX_USART2_UART_Init) for MX_USART2_UART_Init
    main.o(i.main) refers to usart.o(i.MX_USART3_UART_Init) for MX_USART3_UART_Init
    main.o(i.main) refers to usart.o(i.MX_USART4_UART_Init) for MX_USART4_UART_Init
    main.o(i.main) refers to tim.o(i.MX_TIM7_Init) for MX_TIM7_Init
    main.o(i.main) refers to tim.o(i.MX_TIM6_Init) for MX_TIM6_Init
    main.o(i.main) refers to usart.o(i.IMU_Init) for IMU_Init
    main.o(i.main) refers to usart.o(i.CV_init) for CV_init
    main.o(i.main) refers to stm32g0xx_ll_utils.o(i.LL_mDelay) for LL_mDelay
    main.o(i.main) refers to usart.o(i.IMU_Command) for IMU_Command
    main.o(i.main) refers to motion.o(i.Angle_init) for Angle_init
    main.o(i.main) refers to my_robot.o(i.nrf_init) for nrf_init
    main.o(i.main) refers to usart.o(i.IMU_Receive) for IMU_Receive
    main.o(i.main) refers to usonic.o(i.Mean_Filter) for Mean_Filter
    main.o(i.main) refers to my_robot.o(i.Car_Drive) for Car_Drive
    main.o(i.main) refers to my_robot.o(.bss) for MyNRF
    main.o(i.main) refers to usart.o(.bss) for Rx3Buffer
    gpio.o(i.MX_GPIO_Init) refers to memseta.o(.text) for __aeabi_memclr4
    gpio.o(i.MX_GPIO_Init) refers to gpio.o(i.LL_IOP_GRP1_EnableClock) for LL_IOP_GRP1_EnableClock
    gpio.o(i.MX_GPIO_Init) refers to stm32g0xx_ll_gpio.o(i.LL_GPIO_Init) for LL_GPIO_Init
    rtc.o(i.HAL_RTC_MspDeInit) refers to stm32g0xx_hal_cortex.o(i.HAL_NVIC_DisableIRQ) for HAL_NVIC_DisableIRQ
    rtc.o(i.HAL_RTC_MspInit) refers to stm32g0xx_hal_cortex.o(i.HAL_NVIC_SetPriority) for HAL_NVIC_SetPriority
    rtc.o(i.HAL_RTC_MspInit) refers to stm32g0xx_hal_cortex.o(i.HAL_NVIC_EnableIRQ) for HAL_NVIC_EnableIRQ
    rtc.o(i.MX_RTC_Init) refers to memseta.o(.text) for __aeabi_memclr4
[...]
    .text                                    0x0800013c   Section        0  llshl.o(.text)
    .text                                    0x0800015c   Section        0  memseta.o(.text)
    .text                                    0x08000180   Section        0  fadd.o(.text)
    .text                                    0x08000232   Section        0  fmul.o(.text)
    .text                                    0x080002ac   Section        0  dmul.o(.text)
    .text                                    0x0800037c   Section        0  dscalb.o(.text)
    .text                                    0x080003a8   Section        0  fflti.o(.text)
    .text                                    0x080003c0   Section        0  dflti.o(.text)
    .text                                    0x080003e8   Section        0  ffixi.o(.text)
    .text                                    0x0800041a   Section        0  d2f.o(.text)
    .text                                    0x08000454   Section       20  cfcmple.o(.text)
    .text                                    0x08000468   Section       20  cfrcmple.o(.text)
    .text                                    0x0800047c   Section        0  llushr.o(.text)
    .text                                    0x0800049e   Section        0  fepilogue.o(.text)
    .text                                    0x0800049e   Section        0  iusefp.o(.text)
    .text                                    0x08000520   Section        0  depilogue.o(.text)
    .text                                    0x080005e0   Section       36  init.o(.text)
    i.Angle_PID                              0x08000604   Section        0  motion.o(i.Angle_PID)
    i.Angle_init                             0x08000734   Section        0  motion.o(i.Angle_init)
    i.BL_Decode                              0x08000778   Section        0  usart.o(i.BL_Decode)
    i.Bridge                                 0x08000820   Section        0  task.o(i.Bridge)
    i.CV_Decode                              0x080009fc   Section        0  usart.o(i.CV_Decode)
    i.CV_Receive                             0x08000a8c   Section        0  usart.o(i.CV_Receive)
    i.CV_init                                0x08000aa0   Section        0  usart.o(i.CV_init)
    i.Car_Drive                              0x08000abc   Section        0  my_robot.o(i.Car_Drive)
    i.Diamond                                0x08000bc8   Section        0  task.o(i.Diamond)
    i.Drive                                  0x08001074   Section        0  motion.o(i.Drive)
    i.Error_Handler                          0x080010cc   Section        0  main.o(i.Error_Handler)
    i.Get_Time                               0x080010d0   Section        0  elapse.o(i.Get_Time)
    i.HAL_DMA_Abort                          0x080010f4   Section        0  stm32g0xx_hal_dma.o(i.HAL_DMA_Abort)
    i.HAL_DMA_Abort_IT                       0x08001168   Section        0  stm32g0xx_hal_dma.o(i.HAL_DMA_Abort_IT)
    i.HAL_Delay                              0x080011e4   Section        0  stm32g0xx_hal.o(i.HAL_Delay)
    i.HAL_GPIO_Init                          0x08001208   Section        0  stm32g0xx_hal_gpio.o(i.HAL_GPIO_Init)
    i.HAL_GPIO_WritePin                      0x08001364   Section        0  stm32g0xx_hal_gpio.o(i.HAL_GPIO_WritePin)
    i.HAL_GetTick                            0x08001370   Section        0  stm32g0xx_hal.o(i.HAL_GetTick)
    i.HAL_IncTick                            0x0800137c   Section        0  stm32g0xx_hal.o(i.HAL_IncTick)
    i.HAL_Init                               0x0800138c   Section        0  stm32g0xx_hal.o(i.HAL_Init)
    i.HAL_InitTick                           0x080013b4   Section        0  stm32g0xx_hal.o(i.HAL_InitTick)
    i.HAL_MspInit                            0x080013fc   Section        0  stm32g0xx_hal_msp.o(i.HAL_MspInit)
    i.HAL_NVIC_EnableIRQ                     0x08001430   Section        0  stm32g0xx_hal_cortex.o(i.HAL_NVIC_EnableIRQ)
    i.HAL_NVIC_SetPriority                   0x08001448   Section        0  stm32g0xx_hal_cortex.o(i.HAL_NVIC_SetPriority)
    i.HAL_RCC_GetPCLK1Freq                   0x08001450   Section        0  stm32g0xx_hal_rcc.o(i.HAL_RCC_GetPCLK1Freq)
    i.HAL_RCC_GetSysClockFreq                0x08001478   Section        0  stm32g0xx_hal_rcc.o(i.HAL_RCC_GetSysClockFreq)
    i.HAL_RTCEx_SetWakeUpTimer_IT            0x08001504   Section        0  stm32g0xx_hal_rtc_ex.o(i.HAL_RTCEx_SetWakeUpTimer_IT)
    i.HAL_RTCEx_WakeUpTimerEventCallback     0x080015c8   Section        0  elapse.o(i.HAL_RTCEx_WakeUpTimerEventCallback)
    i.HAL_RTCEx_WakeUpTimerIRQHandler        0x080015f0   Section        0  stm32g0xx_hal_rtc_ex.o(i.HAL_RTCEx_WakeUpTimerIRQHandler)
    i.HAL_RTC_GetDate                        0x08001612   Section        0  stm32g0xx_hal_rtc.o(i.HAL_RTC_GetDate)
    i.HAL_RTC_GetTime                        0x08001658   Section        0  stm32g0xx_hal_rtc.o(i.HAL_RTC_GetTime)
    i.HAL_RTC_Init                           0x080016b0   Section        0  stm32g0xx_hal_rtc.o(i.HAL_RTC_Init)
    i.HAL_RTC_MspInit                        0x08001754   Section        0  rtc.o(i.HAL_RTC_MspInit)
    i.HAL_RTC_SetDate                        0x0800181c   Section        0  stm32g0xx_hal_rtc.o(i.HAL_RTC_SetDate)
    i.HAL_RTC_SetTime                        0x080018b8   Section        0  stm32g0xx_hal_rtc.o(i.HAL_RTC_SetTime)
    i.HAL_RTC_WaitForSynchro                 0x08001978   Section        0  stm32g0xx_hal_rtc.o(i.HAL_RTC_WaitForSynchro)
    i.HAL_SPI_Init                           0x080019ac   Section        0  stm32g0xx_hal_spi.o(i.HAL_SPI_Init)
    i.HAL_SPI_MspInit                        0x08001a9c   Section        0  spi.o(i.HAL_SPI_MspInit)
    i.HAL_SPI_TransmitReceive                0x08001b34   Section        0  stm32g0xx_hal_spi.o(i.HAL_SPI_TransmitReceive)
    i.HAL_SYSCFG_StrobeDBattpinsConfig       0x08001d28   Section        0  stm32g0xx_hal.o(i.HAL_SYSCFG_StrobeDBattpinsConfig)
    i.HAL_SYSTICK_Config                     0x08001d3c   Section        0  stm32g0xx_hal_cortex.o(i.HAL_SYSTICK_Config)
    i.HAL_UARTEx_DisableFifoMode             0x08001d6c   Section        0  stm32g0xx_hal_uart_ex.o(i.HAL_UARTEx_DisableFifoMode)
    i.HAL_UARTEx_RxEventCallback             0x08001da8   Section        0  stm32g0xx_hal_uart.o(i.HAL_UARTEx_RxEventCallback)
    i.HAL_UARTEx_RxFifoFullCallback          0x08001daa   Section        0  stm32g0xx_hal_uart_ex.o(i.HAL_UARTEx_RxFifoFullCallback)
    i.HAL_UARTEx_SetRxFifoThreshold          0x08001dac   Section        0  stm32g0xx_hal_uart_ex.o(i.HAL_UARTEx_SetRxFifoThreshold)
    i.HAL_UARTEx_SetTxFifoThreshold          0x08001df4   Section        0  stm32g0xx_hal_uart_ex.o(i.HAL_UARTEx_SetTxFifoThreshold)
    i.HAL_UARTEx_TxFifoEmptyCallback         0x08001e3a   Section        0  stm32g0xx_hal_uart_ex.o(i.HAL_UARTEx_TxFifoEmptyCallback)
    i.HAL_UARTEx_WakeupCallback              0x08001e3c   Section        0  stm32g0xx_hal_uart_ex.o(i.HAL_UARTEx_WakeupCallback)
    i.HAL_UART_ErrorCallback                 0x08001e3e   Section        0  stm32g0xx_hal_uart.o(i.HAL_UART_ErrorCallback)
    i.HAL_UART_IRQHandler                    0x08001e40   Section        0  stm32g0xx_hal_uart.o(i.HAL_UART_IRQHandler)
    i.HAL_UART_Init                          0x08002128   Section        0  stm32g0xx_hal_uart.o(i.HAL_UART_Init)
    i.HAL_UART_MspInit                       0x08002194   Section        0  usart.o(i.HAL_UART_MspInit)
    i.HAL_UART_Receive_IT                    0x08002300   Section        0  stm32g0xx_hal_uart.o(i.HAL_UART_Receive_IT)
    i.HAL_UART_RxCpltCallback                0x08002364   Section        0  usart.o(i.HAL_UART_RxCpltCallback)
    i.HAL_UART_Transmit                      0x0800243c   Section        0  stm32g0xx_hal_uart.o(i.HAL_UART_Transmit)
    i.HAL_UART_TxCpltCallback                0x08002514   Section        0  stm32g0xx_hal_uart.o(i.HAL_UART_TxCpltCallback)
    i.HardFault_Handler                      0x08002516   Section        0  stm32g0xx_it.o(i.HardFault_Handler)
    i.IMU_Command                            0x08002518   Section        0  usart.o(i.IMU_Command)
    i.IMU_Decode                             0x0800254c   Section        0  usart.o(i.IMU_Decode)
    i.IMU_Init                               0x08002594   Section        0  usart.o(i.IMU_Init)
    i.IMU_Receive                            0x080025b0   Section        0  usart.o(i.IMU_Receive)
    i.KeyToMode                              0x080025c4   Section        0  my_robot.o(i.KeyToMode)
    i.KeyToSpeed                             0x08002654   Section        0  my_robot.o(i.KeyToSpeed)
    i.LL_APB1_GRP1_EnableClock               0x080026b0   Section        0  tim.o(i.LL_APB1_GRP1_EnableClock)
    LL_APB1_GRP1_EnableClock                 0x080026b1   Thumb Code    18  tim.o(i.LL_APB1_GRP1_EnableClock)
    i.LL_APB2_GRP1_EnableClock               0x080026c8   Section        0  tim.o(i.LL_APB2_GRP1_EnableClock)
    LL_APB2_GRP1_EnableClock                 0x080026c9   Thumb Code    18  tim.o(i.LL_APB2_GRP1_EnableClock)
    i.LL_GPIO_Init                           0x080026e0   Section        0  stm32g0xx_ll_gpio.o(i.LL_GPIO_Init)
    i.LL_IOP_GRP1_EnableClock                0x0800278c   Section        0  gpio.o(i.LL_IOP_GRP1_EnableClock)
    LL_IOP_GRP1_EnableClock                  0x0800278d   Thumb Code    18  gpio.o(i.LL_IOP_GRP1_EnableClock)
    i.LL_IOP_GRP1_EnableClock                0x080027a4   Section        0  tim.o(i.LL_IOP_GRP1_EnableClock)
    LL_IOP_GRP1_EnableClock                  0x080027a5   Thumb Code    18  tim.o(i.LL_IOP_GRP1_EnableClock)
    i.LL_RCC_LSE_SetDriveCapability          0x080027bc   Section        0  tim.o(i.LL_RCC_LSE_SetDriveCapability)
    LL_RCC_LSE_SetDriveCapability            0x080027bd   Thumb Code    14  tim.o(i.LL_RCC_LSE_SetDriveCapability)
    i.LL_RCC_LSE_SetDriveCapability          0x080027d0   Section        0  usart.o(i.LL_RCC_LSE_SetDriveCapability)
    LL_RCC_LSE_SetDriveCapability            0x080027d1   Thumb Code    14  usart.o(i.LL_RCC_LSE_SetDriveCapability)
    i.LL_RCC_SetUSARTClockSource             0x080027e4   Section        0  usart.o(i.LL_RCC_SetUSARTClockSource)
    LL_RCC_SetUSARTClockSource               0x080027e5   Thumb Code    16  usart.o(i.LL_RCC_SetUSARTClockSource)
    i.LL_SetSystemCoreClock                  0x080027f8   Section        0  stm32g0xx_ll_utils.o(i.LL_SetSystemCoreClock)
    i.LL_TIM_BDTR_Init                       0x08002804   Section        0  stm32g0xx_ll_tim.o(i.LL_TIM_BDTR_Init)
    i.LL_TIM_IC_SetActiveInput               0x08002890   Section        0  tim.o(i.LL_TIM_IC_SetActiveInput)
    LL_TIM_IC_SetActiveInput                 0x08002891   Thumb Code   114  tim.o(i.LL_TIM_IC_SetActiveInput)
    i.LL_TIM_IC_SetFilter                    0x08002908   Section        0  tim.o(i.LL_TIM_IC_SetFilter)
    LL_TIM_IC_SetFilter                      0x08002909   Thumb Code   114  tim.o(i.LL_TIM_IC_SetFilter)
    i.LL_TIM_IC_SetPolarity                  0x08002980   Section        0  tim.o(i.LL_TIM_IC_SetPolarity)
    LL_TIM_IC_SetPolarity                    0x08002981   Thumb Code   102  tim.o(i.LL_TIM_IC_SetPolarity)
    i.LL_TIM_IC_SetPolarity                  0x080029ec   Section        0  usonic.o(i.LL_TIM_IC_SetPolarity)
    LL_TIM_IC_SetPolarity                    0x080029ed   Thumb Code   102  usonic.o(i.LL_TIM_IC_SetPolarity)
    i.LL_TIM_IC_SetPrescaler                 0x08002a58   Section        0  tim.o(i.LL_TIM_IC_SetPrescaler)
    LL_TIM_IC_SetPrescaler                   0x08002a59   Thumb Code   114  tim.o(i.LL_TIM_IC_SetPrescaler)
    i.LL_TIM_Init                            0x08002ad0   Section        0  stm32g0xx_ll_tim.o(i.LL_TIM_Init)
    i.LL_TIM_OC_DisableFast                  0x08002b54   Section        0  tim.o(i.LL_TIM_OC_DisableFast)
    LL_TIM_OC_DisableFast                    0x08002b55   Thumb Code   106  tim.o(i.LL_TIM_OC_DisableFast)
    i.LL_TIM_OC_EnablePreload                0x08002bc4   Section        0  tim.o(i.LL_TIM_OC_EnablePreload)
    LL_TIM_OC_EnablePreload                  0x08002bc5   Thumb Code   106  tim.o(i.LL_TIM_OC_EnablePreload)
    i.LL_TIM_OC_Init                         0x08002c34   Section        0  stm32g0xx_ll_tim.o(i.LL_TIM_OC_Init)
    i.LL_TIM_SetTriggerOutput                0x08002db4   Section        0  tim.o(i.LL_TIM_SetTriggerOutput)
    LL_TIM_SetTriggerOutput                  0x08002db5   Thumb Code    12  tim.o(i.LL_TIM_SetTriggerOutput)
    i.LL_mDelay                              0x08002dc0   Section        0  stm32g0xx_ll_utils.o(i.LL_mDelay)
    i.Line_Patrol_PID                        0x08002de0   Section        0  my_robot.o(i.Line_Patrol_PID)
    Line_Patrol_PID                          0x08002de1   Thumb Code    96  my_robot.o(i.Line_Patrol_PID)
    i.MX_GPIO_Init                           0x08002e50   Section        0  gpio.o(i.MX_GPIO_Init)
    i.MX_RTC_Init                            0x08002ec8   Section        0  rtc.o(i.MX_RTC_Init)
    i.MX_SPI2_Init                           0x08002f80   Section        0  spi.o(i.MX_SPI2_Init)
    i.MX_TIM14_Init                          0x08002fcc   Section        0  tim.o(i.MX_TIM14_Init)
    i.MX_TIM15_Init                          0x080030a4   Section        0  tim.o(i.MX_TIM15_Init)
    i.MX_TIM16_Init                          0x080031b0   Section        0  tim.o(i.MX_TIM16_Init)
    i.MX_TIM17_Init                          0x08003278   Section        0  tim.o(i.MX_TIM17_Init)
    i.MX_TIM3_Init                           0x08003340   Section        0  tim.o(i.MX_TIM3_Init)
    i.MX_TIM6_Init                           0x080034b8   Section        0  tim.o(i.MX_TIM6_Init)
    i.MX_TIM7_Init                           0x08003528   Section        0  tim.o(i.MX_TIM7_Init)
    i.MX_USART1_UART_Init                    0x08003594   Section        0  usart.o(i.MX_USART1_UART_Init)
    i.MX_USART2_UART_Init                    0x080035fc   Section        0  usart.o(i.MX_USART2_UART_Init)
    i.MX_USART3_UART_Init                    0x08003664   Section        0  usart.o(i.MX_USART3_UART_Init)
    i.MX_USART4_UART_Init                    0x080036a0   Section        0  usart.o(i.MX_USART4_UART_Init)
    i.Mean_Filter                            0x080036dc   Section        0  usonic.o(i.Mean_Filter)
    i.NMI_Handler                            0x08003700   Section        0  stm32g0xx_it.o(i.NMI_Handler)
    i.NRF_IRQ                                0x08003704   Section        0  my_robot.o(i.NRF_IRQ)
    i.OC1Config                              0x0800372c   Section        0  stm32g0xx_ll_tim.o(i.OC1Config)
    OC1Config                                0x0800372d   Thumb Code   124  stm32g0xx_ll_tim.o(i.OC1Config)
    i.OC2Config                              0x080037bc   Section        0  stm32g0xx_ll_tim.o(i.OC2Config)
    OC2Config                                0x080037bd   Thumb Code   132  stm32g0xx_ll_tim.o(i.OC2Config)
    i.OC3Config                              0x08003854   Section        0  stm32g0xx_ll_tim.o(i.OC3Config)
    OC3Config                                0x08003855   Thumb Code   134  stm32g0xx_ll_tim.o(i.OC3Config)
    i.PendSV_Handler                         0x080038f0   Section        0  stm32g0xx_it.o(i.PendSV_Handler)
    i.Planter                                0x080038f4   Section        0  task.o(i.Planter)
    i.RTC_Bcd2ToByte                         0x08003a40   Section        0  stm32g0xx_hal_rtc.o(i.RTC_Bcd2ToByte)
    i.RTC_ByteToBcd2                         0x08003a50   Section        0  stm32g0xx_hal_rtc.o(i.RTC_ByteToBcd2)
    i.RTC_EnterInitMode                      0x08003a68   Section        0  stm32g0xx_hal_rtc.o(i.RTC_EnterInitMode)
    i.RTC_ExitInitMode                       0x08003aac   Section        0  stm32g0xx_hal_rtc.o(i.RTC_ExitInitMode)
    i.RTC_TAMP_IRQHandler                    0x08003afc   Section        0  stm32g0xx_it.o(i.RTC_TAMP_IRQHandler)
    i.Receive_Shape                          0x08003b0c   Section        0  task.o(i.Receive_Shape)
    i.Run_time                               0x08003b40   Section        0  elapse.o(i.Run_time)
    i.Run_time_PID                           0x08003b7c   Section        0  elapse.o(i.Run_time_PID)
    i.SPI_EndRxTxTransaction                 0x08003bc8   Section        0  stm32g0xx_hal_spi.o(i.SPI_EndRxTxTransaction)
    SPI_EndRxTxTransaction                   0x08003bc9   Thumb Code    76  stm32g0xx_hal_spi.o(i.SPI_EndRxTxTransaction)
    i.SPI_WaitFifoStateUntilTimeout          0x08003c14   Section        0  stm32g0xx_hal_spi.o(i.SPI_WaitFifoStateUntilTimeout)
    SPI_WaitFifoStateUntilTimeout            0x08003c15   Thumb Code   212  stm32g0xx_hal_spi.o(i.SPI_WaitFifoStateUntilTimeout)
    i.SPI_WaitFlagStateUntilTimeout          0x08003cec   Section        0  stm32g0xx_hal_spi.o(i.SPI_WaitFlagStateUntilTimeout)
    SPI_WaitFlagStateUntilTimeout            0x08003ced   Thumb Code   180  stm32g0xx_hal_spi.o(i.SPI_WaitFlagStateUntilTimeout)
    i.SVC_Handler                            0x08003da4   Section        0  stm32g0xx_it.o(i.SVC_Handler)
    i.Send_Time                              0x08003da8   Section        0  elapse.o(i.Send_Time)
    i.SpeedToPWM                             0x080040a0   Section        0  motion.o(i.SpeedToPWM)
    i.SysTick_Handler                        0x08004108   Section        0  stm32g0xx_it.o(i.SysTick_Handler)
    i.SystemClock_Config                     0x08004110   Section        0  main.o(i.SystemClock_Config)
    i.SystemInit                             0x080041e4   Section        0  system_stm32g0xx.o(i.SystemInit)
    i.TIM14_IRQHandler                       0x080041e8   Section        0  stm32g0xx_it.o(i.TIM14_IRQHandler)
    i.TIM15_IRQHandler                       0x08004204   Section        0  stm32g0xx_it.o(i.TIM15_IRQHandler)
    i.TIM16_IRQHandler                       0x0800420c   Section        0  stm32g0xx_it.o(i.TIM16_IRQHandler)
    i.TIM17_IRQHandler                       0x08004214   Section        0  stm32g0xx_it.o(i.TIM17_IRQHandler)
    i.TIM6_IRQHandler                        0x0800421c   Section        0  stm32g0xx_it.o(i.TIM6_IRQHandler)
    i.TIM7_IRQHandler                        0x0800425c   Section        0  stm32g0xx_it.o(i.TIM7_IRQHandler)
    i.Trash                                  0x0800428c   Section        0  task.o(i.Trash)
    i.Turn_angle                             0x080044e0   Section        0  elapse.o(i.Turn_angle)
    i.UARTEx_SetNbDataToProcess              0x08004518   Section        0  stm32g0xx_hal_uart_ex.o(i.UARTEx_SetNbDataToProcess)
    UARTEx_SetNbDataToProcess                0x08004519   Thumb Code    62  stm32g0xx_hal_uart_ex.o(i.UARTEx_SetNbDataToProcess)
    i.UART_AdvFeatureConfig                  0x0800455c   Section        0  stm32g0xx_hal_uart.o(i.UART_AdvFeatureConfig)
    i.UART_CheckIdleState                    0x08004628   Section        0  stm32g0xx_hal_uart.o(i.UART_CheckIdleState)
    i.UART_DMAAbortOnError                   0x0800468c   Section        0  stm32g0xx_hal_uart.o(i.UART_DMAAbortOnError)
    UART_DMAAbortOnError                     0x0800468d   Thumb Code    20  stm32g0xx_hal_uart.o(i.UART_DMAAbortOnError)
    i.UART_EndRxTransfer                     0x080046a0   Section        0  stm32g0xx_hal_uart.o(i.UART_EndRxTransfer)
    UART_EndRxTransfer                       0x080046a1   Thumb Code    96  stm32g0xx_hal_uart.o(i.UART_EndRxTransfer)
    i.UART_RxISR_16BIT                       0x08004704   Section        0  stm32g0xx_hal_uart.o(i.UART_RxISR_16BIT)
    UART_RxISR_16BIT                         0x08004705   Thumb Code   172  stm32g0xx_hal_uart.o(i.UART_RxISR_16BIT)
    i.UART_RxISR_16BIT_FIFOEN                0x080047b0   Section        0  stm32g0xx_hal_uart.o(i.UART_RxISR_16BIT_FIFOEN)
    UART_RxISR_16BIT_FIFOEN                  0x080047b1   Thumb Code   388  stm32g0xx_hal_uart.o(i.UART_RxISR_16BIT_FIFOEN)
    i.UART_RxISR_8BIT                        0x0800493c   Section        0  stm32g0xx_hal_uart.o(i.UART_RxISR_8BIT)
    UART_RxISR_8BIT                          0x0800493d   Thumb Code   172  stm32g0xx_hal_uart.o(i.UART_RxISR_8BIT)
    i.UART_RxISR_8BIT_FIFOEN                 0x080049e8   Section        0  stm32g0xx_hal_uart.o(i.UART_RxISR_8BIT_FIFOEN)
    UART_RxISR_8BIT_FIFOEN                   0x080049e9   Thumb Code   388  stm32g0xx_hal_uart.o(i.UART_RxISR_8BIT_FIFOEN)
    i.UART_SetConfig                         0x08004b74   Section        0  stm32g0xx_hal_uart.o(i.UART_SetConfig)
    i.UART_Start_Receive_IT                  0x08004d04   Section        0  stm32g0xx_hal_uart.o(i.UART_Start_Receive_IT)
    i.UART_WaitOnFlagUntilTimeout            0x08004e38   Section        0  stm32g0xx_hal_uart.o(i.UART_WaitOnFlagUntilTimeout)
    i.USART1_IRQHandler                      0x08004f0c   Section        0  stm32g0xx_it.o(i.USART1_IRQHandler)
    i.USART2_IRQHandler                      0x08004f1c   Section        0  stm32g0xx_it.o(i.USART2_IRQHandler)
    i.USART3_4_IRQHandler                    0x08004f2c   Section        0  stm32g0xx_it.o(i.USART3_4_IRQHandler)
    i.US_Sample                              0x08004f44   Section        0  usonic.o(i.US_Sample)
    i.USonic1                                0x08004f74   Section        0  usonic.o(i.USonic1)
    i.USonic2                                0x08004fe0   Section        0  usonic.o(i.USonic2)
    i.Wait                                   0x0800504c   Section        0  elapse.o(i.Wait)
    i.__0printf$6                            0x0800507c   Section        0  printf6.o(i.__0printf$6)
    i.__ARM_clz                              0x0800509c   Section        0  fastmathfunctions.o(i.__ARM_clz)
    i.__ARM_common_switch8                   0x080050ca   Section        0  stm32g0xx_hal_dma.o(i.__ARM_common_switch8)
    i.__NVIC_EnableIRQ                       0x080050e4   Section        0  tim.o(i.__NVIC_EnableIRQ)
    __NVIC_EnableIRQ                         0x080050e5   Thumb Code    18  tim.o(i.__NVIC_EnableIRQ)
    i.__NVIC_SetPriority                     0x080050fc   Section        0  tim.o(i.__NVIC_SetPriority)
    __NVIC_SetPriority                       0x080050fd   Thumb Code    60  tim.o(i.__NVIC_SetPriority)
    i.__NVIC_SetPriority                     0x08005140   Section        0  stm32g0xx_hal_cortex.o(i.__NVIC_SetPriority)
    __NVIC_SetPriority                       0x08005141   Thumb Code    60  stm32g0xx_hal_cortex.o(i.__NVIC_SetPriority)
    i.__scatterload_copy                     0x08005184   Section       14  handlers.o(i.__scatterload_copy)
    i.__scatterload_null                     0x08005192   Section        2  handlers.o(i.__scatterload_null)
    i.__scatterload_zeroinit                 0x08005194   Section       14  handlers.o(i.__scatterload_zeroinit)
    i._printf_core                           0x080051a4   Section        0  printf6.o(i._printf_core)
    _printf_core                             0x080051a5   Thumb Code   768  printf6.o(i._printf_core)
    i._printf_post_padding                   0x080054a8   Section        0  printf6.o(i._printf_post_padding)
    _printf_post_padding                     0x080054a9   Thumb Code    32  printf6.o(i._printf_post_padding)
    i._printf_pre_padding                    0x080054c8   Section        0  printf6.o(i._printf_pre_padding)
    _printf_pre_padding                      0x080054c9   Thumb Code    44  printf6.o(i._printf_pre_padding)
    i.arm_abs_q15                            0x080054f4   Section        0  basicmathfunctions.o(i.arm_abs_q15)
    i.arm_mean_q15                           0x08005520   Section        0  statisticsfunctions.o(i.arm_mean_q15)
    i.delay_us                               0x08005544   Section        0  nrf.o(i.delay_us)
    delay_us                                 0x08005545   Thumb Code    62  nrf.o(i.delay_us)
    i.fputc                                  0x08005588   Section        0  main.o(i.fputc)
    i.instruction_refresh                    0x080055a4   Section        0  my_robot.o(i.instruction_refresh)
    i.main                                   0x0800562c   Section        0  main.o(i.main)
    i.nRF24L01_Check                         0x080056b8   Section        0  nrf.o(i.nRF24L01_Check)
    i.nRF24L01_Read_Buf                      0x080056fc   Section        0  nrf.o(i.nRF24L01_Read_Buf)
    i.nRF24L01_Read_Reg                      0x08005740   Section        0  nrf.o(i.nRF24L01_Read_Reg)
    i.nRF24L01_RxPacket                      0x08005774   Section        0  nrf.o(i.nRF24L01_RxPacket)
    i.nRF24L01_Set_Config                    0x080057c0   Section        0  nrf.o(i.nRF24L01_Set_Config)
    i.nRF24L01_Write_Buf                     0x08005850   Section        0  nrf.o(i.nRF24L01_Write_Buf)
    i.nRF24L01_Write_Reg                     0x08005890   Section        0  nrf.o(i.nRF24L01_Write_Reg)
    i.nRF24_SPI_Send_Byte                    0x080058c8   Section        0  nrf.o(i.nRF24_SPI_Send_Byte)
    i.nrf_init                               0x080058e8   Section        0  my_robot.o(i.nrf_init)
    i.read_keys                              0x08005920   Section        0  my_robot.o(i.read_keys)
    .constdata                               0x080059d0   Section       36  tim.o(.constdata)
    OFFSET_TAB_CCMRx                         0x080059d0   Data           9  tim.o(.constdata)
    SHIFT_TAB_OCxx                           0x080059d9   Data           9  tim.o(.constdata)
    SHIFT_TAB_ICxx                           0x080059e2   Data           9  tim.o(.constdata)
    SHIFT_TAB_CCxP                           0x080059eb   Data           9  tim.o(.constdata)
    .constdata                               0x080059f4   Section       24  stm32g0xx_hal_uart.o(.constdata)
    .constdata                               0x08005a0c   Section       16  stm32g0xx_hal_uart_ex.o(.constdata)
    numerator                                0x08005a0c   Data           8  stm32g0xx_hal_uart_ex.o(.constdata)
    denominator                              0x08005a14   Data           8  stm32g0xx_hal_uart_ex.o(.constdata)
    .constdata                               0x08005a1c   Section       32  system_stm32g0xx.o(.constdata)
    .constdata                               0x08005a3c   Section        9  usonic.o(.constdata)
    SHIFT_TAB_CCxP                           0x08005a3c   Data           9  usonic.o(.constdata)
    .data                                    0x20000000   Section       21  usart.o(.data)
    .data                                    0x20000018   Section       12  stm32g0xx_hal.o(.data)
    .data                                    0x20000024   Section        4  system_stm32g0xx.o(.data)
    .data                                    0x20000028   Section        4  usonic.o(.data)
    .data                                    0x2000002c   Section       12  motion.o(.data)
    index                                    0x20000034   Data           4  motion.o(.data)
    .data                                    0x20000038   Section        8  elapse.o(.data)
    .data                                    0x20000040   Section        2  task.o(.data)
    .data                                    0x20000044   Section       16  my_robot.o(.data)
    gpio_init_flag                           0x20000045   Data           1  my_robot.o(.data)
    nrf_mode_l                               0x20000046   Data           1  my_robot.o(.data)
    cnt                                      0x20000047   Data           1  my_robot.o(.data)
    .data                                    0x20000054   Section       10  nrf.o(.data)
    .data                                    0x20000060   Section        4  stdout.o(.data)
    .bss                                     0x20000064   Section       44  rtc.o(.bss)
    .bss                                     0x20000090   Section      100  spi.o(.bss)
    .bss                                     0x200000f4   Section      680  usart.o(.bss)
    .bss                                     0x2000039c   Section      148  usonic.o(.bss)
    .bss                                     0x20000430   Section       60  motion.o(.bss)
    .bss                                     0x2000046c   Section       20  elapse.o(.bss)
    .bss                                     0x20000480   Section       10  task.o(.bss)
    .bss                                     0x2000048a   Section       82  my_robot.o(.bss)
    .bss                                     0x200004dc   Section       35  nrf.o(.bss)
    STACK                                    0x20000500   Section     1024  startup_stm32g070xx.o(STACK)

    Global Symbols

    Symbol Name                              Value     Ov Type        Size  Object(Section)

    BuildAttributes$$THM_ISAv3M$S$PE$A:L22$X:L11$S22$IEEE1$IW$USESV6$~STKCKD$USESV7$~SHL$OTIME$ROPI$IEEEJ$EBA8$MICROLIB$REQ8$PRES8$EABIv2 0x00000000   Number         0  anon$$obj.o ABSOLUTE
    __ARM_use_no_argv                        0x00000000   Number         0  main.o ABSOLUTE
    _printf_a                                0x00000000   Number         0  stubs.o ABSOLUTE
    _printf_c                                0x00000000   Number         0  stubs.o ABSOLUTE
    _printf_charcount                        0x00000000   Number         0  stubs.o ABSOLUTE
    _printf_d                                0x00000000   Number         0  stubs.o ABSOLUTE
    _printf_e                                0x00000000   Number         0  stubs.o ABSOLUTE
    _printf_f                                0x00000000   Number         0  stubs.o ABSOLUTE
    _printf_flags                            0x00000000   Number         0  stubs.o ABSOLUTE
    _printf_fp_dec                           0x00000000   Number         0  stubs.o ABSOLUTE
    _printf_fp_hex                           0x00000000   Number         0  stubs.o ABSOLUTE
    _printf_g                                0x00000000   Number         0  stubs.o ABSOLUTE
    _printf_i                                0x00000000   Number         0  stubs.o ABSOLUTE
    _printf_int_dec                          0x00000000   Number         0  stubs.o ABSOLUTE
    _printf_l                                0x00000000   Number         0  stubs.o ABSOLUTE
    _printf_lc                               0x00000000   Number         0  stubs.o ABSOLUTE
    _printf_ll                               0x00000000   Number         0  stubs.o ABSOLUTE
    _printf_lld                              0x00000000   Number         0  stubs.o ABSOLUTE
    _printf_lli                              0x00000000   Number         0  stubs.o ABSOLUTE
    _printf_llo                              0x00000000   Number         0  stubs.o ABSOLUTE
    _printf_llu                              0x00000000   Number         0  stubs.o ABSOLUTE
    _printf_llx                              0x00000000   Number         0  stubs.o ABSOLUTE
    _printf_longlong_dec                     0x00000000   Number         0  stubs.o ABSOLUTE
    _printf_longlong_hex                     0x00000000   Number         0  stubs.o ABSOLUTE
    _printf_longlong_oct                     0x00000000   Number         0  stubs.o ABSOLUTE
    _printf_ls                               0x00000000   Number         0  stubs.o ABSOLUTE
    _printf_mbtowc                           0x00000000   Number         0  stubs.o ABSOLUTE
    _printf_n                                0x00000000   Number         0  stubs.o ABSOLUTE
    _printf_o                                0x00000000   Number         0  stubs.o ABSOLUTE
    _printf_p                                0x00000000   Number         0  stubs.o ABSOLUTE
    _printf_percent                          0x00000000   Number         0  stubs.o ABSOLUTE
    _printf_pre_padding                      0x00000000   Number         0  stubs.o ABSOLUTE
    _printf_return_value                     0x00000000   Number         0  stubs.o ABSOLUTE
    _printf_s                                0x00000000   Number         0  stubs.o ABSOLUTE
    _printf_sizespec                         0x00000000   Number         0  stubs.o ABSOLUTE
    _printf_str                              0x00000000   Number         0  stubs.o ABSOLUTE
    _printf_truncate_signed                  0x00000000   Number         0  stubs.o ABSOLUTE
    _printf_truncate_unsigned                0x00000000   Number         0  stubs.o ABSOLUTE
    _printf_u                                0x00000000   Number         0  stubs.o ABSOLUTE
    _printf_wc                               0x00000000   Number         0  stubs.o ABSOLUTE
    _printf_wctomb                           0x00000000   Number         0  stubs.o ABSOLUTE
    _printf_widthprec                        0x00000000   Number         0  stubs.o ABSOLUTE
    _printf_x                                0x00000000   Number         0  stubs.o ABSOLUTE
    __cpp_initialize__aeabi_                  - Undefined Weak Reference
    __cxa_finalize                            - Undefined Weak Reference
    __decompress                              - Undefined Weak Reference
    _clock_init                               - Undefined Weak Reference
    _microlib_exit                            - Undefined Weak Reference
    __Vectors_Size                           0x000000b8   Number         0  startup_stm32g070xx.o ABSOLUTE
    __Vectors                                0x08000000   Data           4  startup_stm32g070xx.o(RESET)
    __Vectors_End                            0x080000b8   Data           0  startup_stm32g070xx.o(RESET)
    __main                                   0x080000b9   Thumb Code     0  entry.o(.ARM.Collect$$$$00000000)
    _main_stk                                0x080000b9   Thumb Code     0  entry2.o(.ARM.Collect$$$$00000001)
    _main_scatterload                        0x080000bd   Thumb Code     0  entry5.o(.ARM.Collect$$$$00000004)
    __main_after_scatterload                 0x080000c1   Thumb Code     0  entry5.o(.ARM.Collect$$$$00000004)
    _main_clock                              0x080000c1   Thumb Code     0  entry7b.o(.ARM.Collect$$$$00000008)
    _main_cpp_init                           0x080000c1   Thumb Code     0  entry8b.o(.ARM.Collect$$$$0000000A)
    _main_init                               0x080000c1   Thumb Code     0  entry9a.o(.ARM.Collect$$$$0000000B)
    __rt_final_cpp                           0x080000c9   Thumb Code     0  entry10a.o(.ARM.Collect$$$$0000000D)
    __rt_final_exit                          0x080000c9   Thumb Code     0  entry11a.o(.ARM.Collect$$$$0000000F)
    Reset_Handler                            0x080000cd   Thumb Code     8  startup_stm32g070xx.o(.text)
    ADC1_IRQHandler                          0x080000df   Thumb Code     0  startup_stm32g070xx.o(.text)
    DMA1_Ch4_7_DMAMUX1_OVR_IRQHandler        0x080000df   Thumb Code     0  startup_stm32g070xx.o(.text)
    DMA1_Channel1_IRQHandler                 0x080000df   Thumb Code     0  startup_stm32g070xx.o(.text)
    DMA1_Channel2_3_IRQHandler               0x080000df   Thumb Code     0  startup_stm32g070xx.o(.text)
    EXTI0_1_IRQHandler                       0x080000df   Thumb Code     0  startup_stm32g070xx.o(.text)
    EXTI2_3_IRQHandler                       0x080000df   Thumb Code     0  startup_stm32g070xx.o(.text)
    EXTI4_15_IRQHandler                      0x080000df   Thumb Code     0  startup_stm32g070xx.o(.text)
    FLASH_IRQHandler                         0x080000df   Thumb Code     0  startup_stm32g070xx.o(.text)
    I2C1_IRQHandler                          0x080000df   Thumb Code     0  startup_stm32g070xx.o(.text)
    I2C2_IRQHandler                          0x080000df   Thumb Code     0  startup_stm32g070xx.o(.text)
    RCC_IRQHandler                           0x080000df   Thumb Code     0  startup_stm32g070xx.o(.text)
    SPI1_IRQHandler                          0x080000df   Thumb Code     0  startup_stm32g070xx.o(.text)
    SPI2_IRQHandler                          0x080000df   Thumb Code     0  startup_stm32g070xx.o(.text)
    TIM1_BRK_UP_TRG_COM_IRQHandler           0x080000df   Thumb Code     0  startup_stm32g070xx.o(.text)
    TIM1_CC_IRQHandler                       0x080000df   Thumb Code     0  startup_stm32g070xx.o(.text)
    TIM3_IRQHandler                          0x080000df   Thumb Code     0  startup_stm32g070xx.o(.text)
    WWDG_IRQHandler                          0x080000df   Thumb Code     0  startup_stm32g070xx.o(.text)
    __aeabi_uidiv                            0x080000e9   Thumb Code     0  uidiv.o(.text)
    __aeabi_uidivmod                         0x080000e9   Thumb Code    44  uidiv.o(.text)
    __aeabi_idiv                             0x08000115   Thumb Code     0  idiv.o(.text)
    __aeabi_idivmod                          0x08000115   Thumb Code    40  idiv.o(.text)
    __aeabi_llsl                             0x0800013d   Thumb Code    32  llshl.o(.text)
    _ll_shift_l                              0x0800013d   Thumb Code     0  llshl.o(.text)
    __aeabi_memset                           0x0800015d   Thumb Code    14  memseta.o(.text)
    __aeabi_memset4                          0x0800015d   Thumb Code     0  memseta.o(.text)
    __aeabi_memset8                          0x0800015d   Thumb Code     0  memseta.o(.text)
    __aeabi_memclr                           0x0800016b   Thumb Code     4  memseta.o(.text)
    __aeabi_memclr4                          0x0800016b   Thumb Code     0  memseta.o(.text)
    __aeabi_memclr8                          0x0800016b   Thumb Code     0  memseta.o(.text)
    _memset$wrapper                          0x0800016f   Thumb Code    18  memseta.o(.text)
    __aeabi_fadd                             0x08000181   Thumb Code   162  fadd.o(.text)
    __aeabi_fsub                             0x08000223   Thumb Code     8  fadd.o(.text)
    __aeabi_frsub                            0x0800022b   Thumb Code     8  fadd.o(.text)
    __aeabi_fmul                             0x08000233   Thumb Code   122  fmul.o(.text)
    __aeabi_dmul                             0x080002ad   Thumb Code   202  dmul.o(.text)
    __ARM_scalbn                             0x0800037d   Thumb Code    44  dscalb.o(.text)
    scalbn                                   0x0800037d   Thumb Code     0  dscalb.o(.text)
    __aeabi_i2f                              0x080003a9   Thumb Code    22  fflti.o(.text)
    __aeabi_i2d                              0x080003c1   Thumb Code    34  dflti.o(.text)
    __aeabi_f2iz                             0x080003e9   Thumb Code    50  ffixi.o(.text)
    __aeabi_d2f                              0x0800041b   Thumb Code    56  d2f.o(.text)
    __aeabi_cfcmpeq                          0x08000455   Thumb Code     0  cfcmple.o(.text)
    __aeabi_cfcmple                          0x08000455   Thumb Code    20  cfcmple.o(.text)
    __aeabi_cfrcmple                         0x08000469   Thumb Code    20  cfrcmple.o(.text)
    __aeabi_llsr                             0x0800047d   Thumb Code    34  llushr.o(.text)
    _ll_ushift_r                             0x0800047d   Thumb Code     0  llushr.o(.text)
    __I$use$fp                               0x0800049f   Thumb Code     0  iusefp.o(.text)
    _float_round                             0x0800049f   Thumb Code    16  fepilogue.o(.text)
    _float_epilogue                          0x080004af   Thumb Code   114  fepilogue.o(.text)
    _double_round                            0x08000521   Thumb Code    26  depilogue.o(.text)
    _double_epilogue                         0x0800053b   Thumb Code   164  depilogue.o(.text)
    __scatterload                            0x080005e1   Thumb Code    28  init.o(.text)
    __scatterload_rt2                        0x080005e1   Thumb Code     0  init.o(.text)
    Angle_PID                                0x08000605   Thumb Code   292  motion.o(i.Angle_PID)
    Angle_init                               0x08000735   Thumb Code    56  motion.o(i.Angle_init)
    BL_Decode                                0x08000779   Thumb Code   160  usart.o(i.BL_Decode)
    Bridge                                   0x08000821   Thumb Code   442  task.o(i.Bridge)
    CV_Decode                                0x080009fd   Thumb Code   128  usart.o(i.CV_Decode)
    CV_Receive                               0x08000a8d   Thumb Code    14  usart.o(i.CV_Receive)
    CV_init                                  0x08000aa1   Thumb Code    24  usart.o(i.CV_init)
    Car_Drive                                0x08000abd   Thumb Code   230  my_robot.o(i.Car_Drive)
    Diamond                                  0x08000bc9   Thumb Code  1186  task.o(i.Diamond)
    Drive                                    0x08001075   Thumb Code    84  motion.o(i.Drive)
    Error_Handler                            0x080010cd   Thumb Code     4  main.o(i.Error_Handler)
    Get_Time                                 0x080010d1   Thumb Code    24  elapse.o(i.Get_Time)
    HAL_DMA_Abort                            0x080010f5   Thumb Code   112  stm32g0xx_hal_dma.o(i.HAL_DMA_Abort)
    HAL_DMA_Abort_IT                         0x08001169   Thumb Code   118  stm32g0xx_hal_dma.o(i.HAL_DMA_Abort_IT)
    HAL_Delay                                0x080011e5   Thumb Code    32  stm32g0xx_hal.o(i.HAL_Delay)
    HAL_GPIO_Init                            0x08001209   Thumb Code   330  stm32g0xx_hal_gpio.o(i.HAL_GPIO_Init)
    HAL_GPIO_WritePin                        0x08001365   Thumb Code    12  stm32g0xx_hal_gpio.o(i.HAL_GPIO_WritePin)
    HAL_GetTick                              0x08001371   Thumb Code     6  stm32g0xx_hal.o(i.HAL_GetTick)
    HAL_IncTick                              0x0800137d   Thumb Code    12  stm32g0xx_hal.o(i.HAL_IncTick)
    HAL_Init                                 0x0800138d   Thumb Code    36  stm32g0xx_hal.o(i.HAL_Init)
    HAL_InitTick                             0x080013b5   Thumb Code    64  stm32g0xx_hal.o(i.HAL_InitTick)
    HAL_MspInit                              0x080013fd   Thumb Code    46  stm32g0xx_hal_msp.o(i.HAL_MspInit)
    HAL_NVIC_EnableIRQ                       0x08001431   Thumb Code    18  stm32g0xx_hal_cortex.o(i.HAL_NVIC_EnableIRQ)
    HAL_NVIC_SetPriority                     0x08001449   Thumb Code     8  stm32g0xx_hal_cortex.o(i.HAL_NVIC_SetPriority)
    HAL_RCC_GetPCLK1Freq                     0x08001451   Thumb Code    26  stm32g0xx_hal_rcc.o(i.HAL_RCC_GetPCLK1Freq)
    HAL_RCC_GetSysClockFreq                  0x08001479   Thumb Code   130  stm32g0xx_hal_rcc.o(i.HAL_RCC_GetSysClockFreq)
    HAL_RTCEx_SetWakeUpTimer_IT              0x08001505   Thumb Code   188  stm32g0xx_hal_rtc_ex.o(i.HAL_RTCEx_SetWakeUpTimer_IT)
    HAL_RTCEx_WakeUpTimerEventCallback       0x080015c9   Thumb Code    32  elapse.o(i.HAL_RTCEx_WakeUpTimerEventCallback)
    HAL_RTCEx_WakeUpTimerIRQHandler          0x080015f1   Thumb Code    34  stm32g0xx_hal_rtc_ex.o(i.HAL_RTCEx_WakeUpTimerIRQHandler)
    HAL_RTC_GetDate                          0x08001613   Thumb Code    68  stm32g0xx_hal_rtc.o(i.HAL_RTC_GetDate)
    HAL_RTC_GetTime                          0x08001659   Thumb Code    82  stm32g0xx_hal_rtc.o(i.HAL_RTC_GetTime)
    HAL_RTC_Init                             0x080016b1   Thumb Code   160  stm32g0xx_hal_rtc.o(i.HAL_RTC_Init)
    HAL_RTC_MspInit                          0x08001755   Thumb Code   186  rtc.o(i.HAL_RTC_MspInit)
    HAL_RTC_SetDate                          0x0800181d   Thumb Code   152  stm32g0xx_hal_rtc.o(i.HAL_RTC_SetDate)
    HAL_RTC_SetTime                          0x080018b9   Thumb Code   188  stm32g0xx_hal_rtc.o(i.HAL_RTC_SetTime)
    HAL_RTC_WaitForSynchro                   0x08001979   Thumb Code    52  stm32g0xx_hal_rtc.o(i.HAL_RTC_WaitForSynchro)
    HAL_SPI_Init                             0x080019ad   Thumb Code   238  stm32g0xx_hal_spi.o(i.HAL_SPI_Init)
    HAL_SPI_MspInit                          0x08001a9d   Thumb Code   138  spi.o(i.HAL_SPI_MspInit)
    HAL_SPI_TransmitReceive                  0x08001b35   Thumb Code   498  stm32g0xx_hal_spi.o(i.HAL_SPI_TransmitReceive)
    HAL_SYSCFG_StrobeDBattpinsConfig         0x08001d29   Thumb Code    16  stm32g0xx_hal.o(i.HAL_SYSCFG_StrobeDBattpinsConfig)
    HAL_SYSTICK_Config                       0x08001d3d   Thumb Code    38  stm32g0xx_hal_cortex.o(i.HAL_SYSTICK_Config)
    HAL_UARTEx_DisableFifoMode               0x08001d6d   Thumb Code    60  stm32g0xx_hal_uart_ex.o(i.HAL_UARTEx_DisableFifoMode)
    HAL_UARTEx_RxEventCallback               0x08001da9   Thumb Code     2  stm32g0xx_hal_uart.o(i.HAL_UARTEx_RxEventCallback)
    HAL_UARTEx_RxFifoFullCallback            0x08001dab   Thumb Code     2  stm32g0xx_hal_uart_ex.o(i.HAL_UARTEx_RxFifoFullCallback)
    HAL_UARTEx_SetRxFifoThreshold            0x08001dad   Thumb Code    72  stm32g0xx_hal_uart_ex.o(i.HAL_UARTEx_SetRxFifoThreshold)
    HAL_UARTEx_SetTxFifoThreshold            0x08001df5   Thumb Code    70  stm32g0xx_hal_uart_ex.o(i.HAL_UARTEx_SetTxFifoThreshold)
    HAL_UARTEx_TxFifoEmptyCallback           0x08001e3b   Thumb Code     2  stm32g0xx_hal_uart_ex.o(i.HAL_UARTEx_TxFifoEmptyCallback)
    HAL_UARTEx_WakeupCallback                0x08001e3d   Thumb Code     2  stm32g0xx_hal_uart_ex.o(i.HAL_UARTEx_WakeupCallback)
    HAL_UART_ErrorCallback                   0x08001e3f   Thumb Code     2  stm32g0xx_hal_uart.o(i.HAL_UART_ErrorCallback)
    HAL_UART_IRQHandler                      0x08001e41   Thumb Code   726  stm32g0xx_hal_uart.o(i.HAL_UART_IRQHandler)
    HAL_UART_Init                            0x08002129   Thumb Code   108  stm32g0xx_hal_uart.o(i.HAL_UART_Init)
    HAL_UART_MspInit                         0x08002195   Thumb Code   338  usart.o(i.HAL_UART_MspInit)
    HAL_UART_Receive_IT                      0x08002301   Thumb Code   100  stm32g0xx_hal_uart.o(i.HAL_UART_Receive_IT)
    HAL_UART_RxCpltCallback                  0x08002365   Thumb Code   190  usart.o(i.HAL_UART_RxCpltCallback)
    HAL_UART_Transmit                        0x0800243d   Thumb Code   216  stm32g0xx_hal_uart.o(i.HAL_UART_Transmit)
    HAL_UART_TxCpltCallback                  0x08002515   Thumb Code     2  stm32g0xx_hal_uart.o(i.HAL_UART_TxCpltCallback)
    HardFault_Handler                        0x08002517   Thumb Code     2  stm32g0xx_it.o(i.HardFault_Handler)
    IMU_Command                              0x08002519   Thumb Code    44  usart.o(i.IMU_Command)
    IMU_Decode                               0x0800254d   Thumb Code    60  usart.o(i.IMU_Decode)
    IMU_Init                                 0x08002595   Thumb Code    22  usart.o(i.IMU_Init)
    IMU_Receive                              0x080025b1   Thumb Code    14  usart.o(i.IMU_Receive)
    KeyToMode                                0x080025c5   Thumb Code   126  my_robot.o(i.KeyToMode)
    KeyToSpeed                               0x08002655   Thumb Code    86  my_robot.o(i.KeyToSpeed)
    LL_GPIO_Init                             0x080026e1   Thumb Code   172  stm32g0xx_ll_gpio.o(i.LL_GPIO_Init)
    LL_SetSystemCoreClock                    0x080027f9   Thumb Code     6  stm32g0xx_ll_utils.o(i.LL_SetSystemCoreClock)
    LL_TIM_BDTR_Init                         0x08002805   Thumb Code   136  stm32g0xx_ll_tim.o(i.LL_TIM_BDTR_Init)
    LL_TIM_Init                              0x08002ad1   Thumb Code   108  stm32g0xx_ll_tim.o(i.LL_TIM_Init)
    LL_TIM_OC_Init                           0x08002c35   Thumb Code   358  stm32g0xx_ll_tim.o(i.LL_TIM_OC_Init)
    LL_mDelay                                0x08002dc1   Thumb Code    28  stm32g0xx_ll_utils.o(i.LL_mDelay)
    MX_GPIO_Init                             0x08002e51   Thumb Code   116  gpio.o(i.MX_GPIO_Init)
    MX_RTC_Init                              0x08002ec9   Thumb Code   176  rtc.o(i.MX_RTC_Init)
    MX_SPI2_Init                             0x08002f81   Thumb Code    68  spi.o(i.MX_SPI2_Init)
    MX_TIM14_Init                            0x08002fcd   Thumb Code   202  tim.o(i.MX_TIM14_Init)
    MX_TIM15_Init                            0x080030a5   Thumb Code   250  tim.o(i.MX_TIM15_Init)
    MX_TIM16_Init                            0x080031b1   Thumb Code   182  tim.o(i.MX_TIM16_Init)
    MX_TIM17_Init                            0x08003279   Thumb Code   184  tim.o(i.MX_TIM17_Init)
    MX_TIM3_Init                             0x08003341   Thumb Code   358  tim.o(i.MX_TIM3_Init)
    MX_TIM6_Init                             0x080034b9   Thumb Code   100  tim.o(i.MX_TIM6_Init)
    MX_TIM7_Init                             0x08003529   Thumb Code    94  tim.o(i.MX_TIM7_Init)
    MX_USART1_UART_Init                      0x08003595   Thumb Code    96  usart.o(i.MX_USART1_UART_Init)
    MX_USART2_UART_Init                      0x080035fd   Thumb Code    96  usart.o(i.MX_USART2_UART_Init)
    MX_USART3_UART_Init                      0x08003665   Thumb Code    50  usart.o(i.MX_USART3_UART_Init)
    MX_USART4_UART_Init                      0x080036a1   Thumb Code    50  usart.o(i.MX_USART4_UART_Init)
    Mean_Filter                              0x080036dd   Thumb Code    30  usonic.o(i.Mean_Filter)
    NMI_Handler                              0x08003701   Thumb Code     2  stm32g0xx_it.o(i.NMI_Handler)
    NRF_IRQ                                  0x08003705   Thumb Code    36  my_robot.o(i.NRF_IRQ)
    PendSV_Handler                           0x080038f1   Thumb Code     2  stm32g0xx_it.o(i.PendSV_Handler)
    Planter                                  0x080038f5   Thumb Code   304  task.o(i.Planter)
    RTC_Bcd2ToByte                           0x08003a41   Thumb Code    16  stm32g0xx_hal_rtc.o(i.RTC_Bcd2ToByte)
    RTC_ByteToBcd2                           0x08003a51   Thumb Code    24  stm32g0xx_hal_rtc.o(i.RTC_ByteToBcd2)
    RTC_EnterInitMode                        0x08003a69   Thumb Code    68  stm32g0xx_hal_rtc.o(i.RTC_EnterInitMode)
    RTC_ExitInitMode                         0x08003aad   Thumb Code    74  stm32g0xx_hal_rtc.o(i.RTC_ExitInitMode)
    RTC_TAMP_IRQHandler                      0x08003afd   Thumb Code    10  stm32g0xx_it.o(i.RTC_TAMP_IRQHandler)
    Receive_Shape                            0x08003b0d   Thumb Code    38  task.o(i.Receive_Shape)
    Run_time                                 0x08003b41   Thumb Code    54  elapse.o(i.Run_time)
    Run_time_PID                             0x08003b7d   Thumb Code    64  elapse.o(i.Run_time_PID)
    SVC_Handler                              0x08003da5   Thumb Code     2  stm32g0xx_it.o(i.SVC_Handler)
    Send_Time                                0x08003da9   Thumb Code   254  elapse.o(i.Send_Time)
    SpeedToPWM                               0x080040a1   Thumb Code    94  motion.o(i.SpeedToPWM)
    SysTick_Handler                          0x08004109   Thumb Code     8  stm32g0xx_it.o(i.SysTick_Handler)
    SystemClock_Config                       0x08004111   Thumb Code   186  main.o(i.SystemClock_Config)
    SystemInit                               0x080041e5   Thumb Code     2  system_stm32g0xx.o(i.SystemInit)
    TIM14_IRQHandler                         0x080041e9   Thumb Code    24  stm32g0xx_it.o(i.TIM14_IRQHandler)
    TIM15_IRQHandler                         0x08004205   Thumb Code     8  stm32g0xx_it.o(i.TIM15_IRQHandler)
    TIM16_IRQHandler                         0x0800420d   Thumb Code     8  stm32g0xx_it.o(i.TIM16_IRQHandler)
    TIM17_IRQHandler                         0x08004215   Thumb Code     8  stm32g0xx_it.o(i.TIM17_IRQHandler)
    TIM6_IRQHandler                          0x0800421d   Thumb Code    42  stm32g0xx_it.o(i.TIM6_IRQHandler)
    TIM7_IRQHandler                          0x0800425d   Thumb Code    36  stm32g0xx_it.o(i.TIM7_IRQHandler)
    Trash                                    0x0800428d   Thumb Code   562  task.o(i.Trash)
    Turn_angle                               0x080044e1   Thumb Code    42  elapse.o(i.Turn_angle)
    UART_AdvFeatureConfig                    0x0800455d   Thumb Code   202  stm32g0xx_hal_uart.o(i.UART_AdvFeatureConfig)
    UART_CheckIdleState                      0x08004629   Thumb Code    94  stm32g0xx_hal_uart.o(i.UART_CheckIdleState)
    UART_SetConfig                           0x08004b75   Thumb Code   360  stm32g0xx_hal_uart.o(i.UART_SetConfig)
    UART_Start_Receive_IT                    0x08004d05   Thumb Code   288  stm32g0xx_hal_uart.o(i.UART_Start_Receive_IT)
    UART_WaitOnFlagUntilTimeout              0x08004e39   Thumb Code   210  stm32g0xx_hal_uart.o(i.UART_WaitOnFlagUntilTimeout)
    USART1_IRQHandler                        0x08004f0d   Thumb Code    10  stm32g0xx_it.o(i.USART1_IRQHandler)
    USART2_IRQHandler                        0x08004f1d   Thumb Code    10  stm32g0xx_it.o(i.USART2_IRQHandler)
    USART3_4_IRQHandler                      0x08004f2d   Thumb Code    16  stm32g0xx_it.o(i.USART3_4_IRQHandler)
    US_Sample                                0x08004f45   Thumb Code    38  usonic.o(i.US_Sample)
    USonic1                                  0x08004f75   Thumb Code    96  usonic.o(i.USonic1)
    USonic2                                  0x08004fe1   Thumb Code    96  usonic.o(i.USonic2)
    Wait                                     0x0800504d   Thumb Code    42  elapse.o(i.Wait)
    __0printf$6                              0x0800507d   Thumb Code    24  printf6.o(i.__0printf$6)
    __1printf$6                              0x0800507d   Thumb Code     0  printf6.o(i.__0printf$6)
    __2printf                                0x0800507d   Thumb Code     0  printf6.o(i.__0printf$6)
    __ARM_clz                                0x0800509d   Thumb Code    46  fastmathfunctions.o(i.__ARM_clz)
    __ARM_common_switch8                     0x080050cb   Thumb Code    26  stm32g0xx_hal_dma.o(i.__ARM_common_switch8)
    __scatterload_copy                       0x08005185   Thumb Code    14  handlers.o(i.__scatterload_copy)
    __scatterload_null                       0x08005193   Thumb Code     2  handlers.o(i.__scatterload_null)
    __scatterload_zeroinit                   0x08005195   Thumb Code    14  handlers.o(i.__scatterload_zeroinit)
    arm_abs_q15                              0x080054f5   Thumb Code    40  basicmathfunctions.o(i.arm_abs_q15)
    arm_mean_q15                             0x08005521   Thumb Code    34  statisticsfunctions.o(i.arm_mean_q15)
    fputc                                    0x08005589   Thumb Code    18  main.o(i.fputc)
    instruction_refresh                      0x080055a5   Thumb Code   128  my_robot.o(i.instruction_refresh)
    main                                     0x0800562d   Thumb Code   124  main.o(i.main)
    nRF24L01_Check                           0x080056b9   Thumb Code    60  nrf.o(i.nRF24L01_Check)
    nRF24L01_Read_Buf                        0x080056fd   Thumb Code    62  nrf.o(i.nRF24L01_Read_Buf)
    nRF24L01_Read_Reg                        0x08005741   Thumb Code    48  nrf.o(i.nRF24L01_Read_Reg)
    nRF24L01_RxPacket                        0x08005775   Thumb Code    72  nrf.o(i.nRF24L01_RxPacket)
    nRF24L01_Set_Config                      0x080057c1   Thumb Code   134  nrf.o(i.nRF24L01_Set_Config)
    nRF24L01_Write_Buf                       0x08005851   Thumb Code    60  nrf.o(i.nRF24L01_Write_Buf)
    nRF24L01_Write_Reg                       0x08005891   Thumb Code    50  nrf.o(i.nRF24L01_Write_Reg)
    nRF24_SPI_Send_Byte                      0x080058c9   Thumb Code    26  nrf.o(i.nRF24_SPI_Send_Byte)
    nrf_init                                 0x080058e9   Thumb Code    46  my_robot.o(i.nrf_init)
    read_keys                                0x08005921   Thumb Code   172  my_robot.o(i.read_keys)
    UARTPrescTable                           0x080059f4   Data          24  stm32g0xx_hal_uart.o(.constdata)
    APBPrescTable                            0x08005a1c   Data          32  system_stm32g0xx.o(.constdata)
    Region$$Table$$Base                      0x08005a48   Number         0  anon$$obj.o(Region$$Table)
    Region$$Table$$Limit                     0x08005a68   Number         0  anon$$obj.o(Region$$Table)
    Rx3Frame                                 0x20000000   Data           1  usart.o(.data)
    Usart3_Rx_Cnt                            0x20000001   Data           1  usart.o(.data)
    Rx2Frame                                 0x20000002   Data           1  usart.o(.data)
    Usart2_Rx_Cnt                            0x20000003   Data           1  usart.o(.data)
    Rx1Frame                                 0x20000004   Data           1  usart.o(.data)
    Usart1_Rx_Cnt                            0x20000005   Data           1  usart.o(.data)
    flag                                     0x20000006   Data           1  usart.o(.data)
    CV_flag                                  0x20000007   Data           1  usart.o(.data)
    OpenMv_angle                             0x20000008   Data           4  usart.o(.data)
    UARTDate                                 0x2000000c   Data           4  usart.o(.data)
    Rx2Buffer                                0x20000010   Data           5  usart.o(.data)
    uwTickFreq                               0x20000018   Data           1  stm32g0xx_hal.o(.data)
    uwTickPrio                               0x2000001c   Data           4  stm32g0xx_hal.o(.data)
    uwTick                                   0x20000020   Data           4  stm32g0xx_hal.o(.data)
    SystemCoreClock                          0x20000024   Data           4  system_stm32g0xx.o(.data)
    US1_Edge                                 0x20000028   Data           1  usonic.o(.data)
    US2_Edge                                 0x20000029   Data           1  usonic.o(.data)
    us_counter                               0x2000002a   Data           2  usonic.o(.data)
    LF                                       0x2000002c   Data           2  motion.o(.data)
    RF                                       0x2000002e   Data           2  motion.o(.data)
    LB                                       0x20000030   Data           2  motion.o(.data)
    RB                                       0x20000032   Data           2  motion.o(.data)
    c_flag                                   0x20000038   Data           1  elapse.o(.data)
    t_flag                                   0x20000039   Data           1  elapse.o(.data)
    clocker                                  0x2000003a   Data           2  elapse.o(.data)
    GetDate                                  0x2000003c   Data           4  elapse.o(.data)
    pdis                                     0x20000040   Data           2  task.o(.data)
    nrf_mode                                 0x20000044   Data           1  my_robot.o(.data)
    abc                                      0x20000048   Data           2  my_robot.o(.data)
    p_speed                                  0x2000004a   Data           2  my_robot.o(.data)
    ttime                                    0x2000004c   Data           2  my_robot.o(.data)
    tspeed                                   0x2000004e   Data           2  my_robot.o(.data)
    tangle                                   0x20000050   Data           4  my_robot.o(.data)
    RX_ADDRESS0                              0x20000054   Data           5  nrf.o(.data)
    tx_channel_addr                          0x20000059   Data           5  nrf.o(.data)
    __stdout                                 0x20000060   Data           4  stdout.o(.data)
    hrtc                                     0x20000064   Data          44  rtc.o(.bss)
    hspi2                                    0x20000090   Data         100  spi.o(.bss)
    Rx3Buffer                                0x200000f4   Data          11  usart.o(.bss)
    Rx1Buffer                                0x200000ff   Data          22  usart.o(.bss)
    UARTTime                                 0x20000118   Data          20  usart.o(.bss)
    MyIMU                                    0x2000012c   Data          24  usart.o(.bss)
    MyCV                                     0x20000144   Data          22  usart.o(.bss)
    huart1                                   0x2000015c   Data         144  usart.o(.bss)
    huart2                                   0x200001ec   Data         144  usart.o(.bss)
    huart3                                   0x2000027c   Data         144  usart.o(.bss)
    huart4                                   0x2000030c   Data         144  usart.o(.bss)
    Myusonic                                 0x2000039c   Data         148  usonic.o(.bss)
    G0                                       0x20000430   Data          20  motion.o(.bss)
    Angle                                    0x20000444   Data          40  motion.o(.bss)
    GetTime                                  0x2000046c   Data          20  elapse.o(.bss)
    TDPS                                     0x20000480   Data          10  task.o(.bss)
    nrf_cmd                                  0x2000048a   Data          32  my_robot.o(.bss)
    nrf_trans_cmd                            0x200004aa   Data          14  my_robot.o(.bss)
    button                                   0x200004b8   Data          26  my_robot.o(.bss)
    MyNRF                                    0x200004d2   Data          10  my_robot.o(.bss)
    nRF24L01_ack_pay                         0x200004dc   Data          35  nrf.o(.bss)
    __initial_sp                             0x20000900   Data           0  startup_stm32g070xx.o(STACK)



==============================================================================

Memory Map of the image

  Image Entry point : 0x080000b9

  Load Region LR_IROM1 (Base: 0x08000000, Size: 0x00005acc, Max: 0x00020000, ABSOLUTE)

    Execution Region ER_IROM1 (Exec base: 0x08000000, Load base: 0x08000000, Size: 0x00005a68, Max: 0x00020000, ABSOLUTE)

    Exec Addr    Load Addr    Size         Type   Attr      Idx    E Section Name        Object

    0x08000000   0x08000000   0x000000b8   Data   RO            3    RESET               startup_stm32g070xx.o
    0x080000b8   0x080000b8   0x00000000   Code   RO         7114  * .ARM.Collect$$$$00000000  mc_p.l(entry.o)
    0x080000b8   0x080000b8   0x00000004   Code   RO         7434    .ARM.Collect$$$$00000001  mc_p.l(entry2.o)
    0x080000bc   0x080000bc   0x00000004   Code   RO         7437    .ARM.Collect$$$$00000004  mc_p.l(entry5.o)
    0x080000c0   0x080000c0   0x00000000   Code   RO         7439    .ARM.Collect$$$$00000008  mc_p.l(entry7b.o)
    0x080000c0   0x080000c0   0x00000000   Code   RO         7441    .ARM.Collect$$$$0000000A  mc_p.l(entry8b.o)
    0x080000c0   0x080000c0   0x00000008   Code   RO         7442    .ARM.Collect$$$$0000000B  mc_p.l(entry9a.o)
    0x080000c8   0x080000c8   0x00000000   Code   RO         7444    .ARM.Collect$$$$0000000D  mc_p.l(entry10a.o)
    0x080000c8   0x080000c8   0x00000000   Code   RO         7446    .ARM.Collect$$$$0000000F  mc_p.l(entry11a.o)
    0x080000c8   0x080000c8   0x00000004   Code   RO         7435    .ARM.Collect$$$$00002712  mc_p.l(entry2.o)
    0x080000cc   0x080000cc   0x0000001c   Code   RO            4    .text               startup_stm32g070xx.o
    0x080000e8   0x080000e8   0x0000002c   Code   RO         7117    .text               mc_p.l(uidiv.o)
    0x08000114   0x08000114   0x00000028   Code   RO         7119    .text               mc_p.l(idiv.o)
    0x0800013c   0x0800013c   0x00000020   Code   RO         7127    .text               mc_p.l(llshl.o)
    0x0800015c   0x0800015c   0x00000024   Code   RO         7133    .text               mc_p.l(memseta.o)
    0x08000180   0x08000180   0x000000b2   Code   RO         7398    .text               mf_p.l(fadd.o)
    0x08000232   0x08000232   0x0000007a   Code   RO         7400    .text               mf_p.l(fmul.o)
    0x080002ac   0x080002ac   0x000000d0   Code   RO         7408    .text               mf_p.l(dmul.o)
    0x0800037c   0x0800037c   0x0000002c   Code   RO         7412    .text               mf_p.l(dscalb.o)
    0x080003a8   0x080003a8   0x00000016   Code   RO         7414    .text               mf_p.l(fflti.o)
    0x080003be   0x080003be   0x00000002   PAD
    0x080003c0   0x080003c0   0x00000028   Code   RO         7418    .text               mf_p.l(dflti.o)
    0x080003e8   0x080003e8   0x00000032   Code   RO         7420    .text               mf_p.l(ffixi.o)
    0x0800041a   0x0800041a   0x00000038   Code   RO         7428    .text               mf_p.l(d2f.o)
    0x08000452   0x08000452   0x00000002   PAD
    0x08000454   0x08000454   0x00000014   Code   RO         7430    .text               mf_p.l(cfcmple.o)
    0x08000468   0x08000468   0x00000014   Code   RO         7432    .text               mf_p.l(cfrcmple.o)
    0x0800047c   0x0800047c   0x00000022   Code   RO         7449    .text               mc_p.l(llushr.o)
    0x0800049e   0x0800049e   0x00000000   Code   RO         7458    .text               mc_p.l(iusefp.o)
    0x0800049e   0x0800049e   0x00000082   Code   RO         7459    .text               mf_p.l(fepilogue.o)
    0x08000520   0x08000520   0x000000be   Code   RO         7463    .text               mf_p.l(depilogue.o)
    0x080005de   0x080005de   0x00000002   PAD
    0x080005e0   0x080005e0   0x00000024   Code   RO         7469    .text               mc_p.l(init.o)
    0x08000604   0x08000604   0x00000130   Code   RO         3731    i.Angle_PID         motion.o
    0x08000734   0x08000734   0x00000044   Code   RO         3732    i.Angle_init        motion.o
    0x08000778   0x08000778   0x000000a8   Code   RO          506    i.BL_Decode         usart.o
    0x08000820   0x08000820   0x000001dc   Code   RO         3860    i.Bridge            task.o
    0x080009fc   0x080009fc   0x00000090   Code   RO          508    i.CV_Decode         usart.o
    0x08000a8c   0x08000a8c   0x00000014   Code   RO          509    i.CV_Receive        usart.o
    0x08000aa0   0x08000aa0   0x0000001c   Code   RO          510    i.CV_init           usart.o
    0x08000abc   0x08000abc   0x0000010c   Code   RO         3916    i.Car_Drive         my_robot.o
    0x08000bc8   0x08000bc8   0x000004ac   Code   RO         3861    i.Diamond           task.o
    0x08001074   0x08001074   0x00000058   Code   RO         3733    i.Drive             motion.o
    0x080010cc   0x080010cc   0x00000004   Code   RO           12    i.Error_Handler     main.o
    0x080010d0   0x080010d0   0x00000024   Code   RO         3780    i.Get_Time          elapse.o
    0x080010f4   0x080010f4   0x00000074   Code   RO         1872    i.HAL_DMA_Abort     stm32g0xx_hal_dma.o
    0x08001168   0x08001168   0x0000007c   Code   RO         1873    i.HAL_DMA_Abort_IT  stm32g0xx_hal_dma.o
    0x080011e4   0x080011e4   0x00000024   Code   RO         2374    i.HAL_Delay         stm32g0xx_hal.o
    0x08001208   0x08001208   0x0000015c   Code   RO         1805    i.HAL_GPIO_Init     stm32g0xx_hal_gpio.o
    0x08001364   0x08001364   0x0000000c   Code   RO         1809    i.HAL_GPIO_WritePin  stm32g0xx_hal_gpio.o
    0x08001370   0x08001370   0x0000000c   Code   RO         2378    i.HAL_GetTick       stm32g0xx_hal.o
    0x0800137c   0x0800137c   0x00000010   Code   RO         2384    i.HAL_IncTick       stm32g0xx_hal.o
    0x0800138c   0x0800138c   0x00000028   Code   RO         2385    i.HAL_Init          stm32g0xx_hal.o
    0x080013b4   0x080013b4   0x00000048   Code   RO         2386    i.HAL_InitTick      stm32g0xx_hal.o
    0x080013fc   0x080013fc   0x00000034   Code   RO          753    i.HAL_MspInit       stm32g0xx_hal_msp.o
    0x08001430   0x08001430   0x00000018   Code   RO         2262    i.HAL_NVIC_EnableIRQ  stm32g0xx_hal_cortex.o
    0x08001448   0x08001448   0x00000008   Code   RO         2266    i.HAL_NVIC_SetPriority  stm32g0xx_hal_cortex.o
    0x08001450   0x08001450   0x00000028   Code   RO         1466    i.HAL_RCC_GetPCLK1Freq  stm32g0xx_hal_rcc.o
    0x08001478   0x08001478   0x0000008c   Code   RO         1468    i.HAL_RCC_GetSysClockFreq  stm32g0xx_hal_rcc.o
    0x08001504   0x08001504   0x000000c4   Code   RO         1060    i.HAL_RTCEx_SetWakeUpTimer_IT  stm32g0xx_hal_rtc_ex.o
    0x080015c8   0x080015c8   0x00000028   Code   RO         3781    i.HAL_RTCEx_WakeUpTimerEventCallback  elapse.o
    0x080015f0   0x080015f0   0x00000022   Code   RO         1067    i.HAL_RTCEx_WakeUpTimerIRQHandler  stm32g0xx_hal_rtc_ex.o
    0x08001612   0x08001612   0x00000044   Code   RO          866    i.HAL_RTC_GetDate   stm32g0xx_hal_rtc.o
    0x08001656   0x08001656   0x00000002   PAD
    0x08001658   0x08001658   0x00000058   Code   RO          868    i.HAL_RTC_GetTime   stm32g0xx_hal_rtc.o
    0x080016b0   0x080016b0   0x000000a4   Code   RO          869    i.HAL_RTC_Init      stm32g0xx_hal_rtc.o
    0x08001754   0x08001754   0x000000c8   Code   RO          280    i.HAL_RTC_MspInit   rtc.o
    0x0800181c   0x0800181c   0x0000009c   Code   RO          875    i.HAL_RTC_SetDate   stm32g0xx_hal_rtc.o
    0x080018b8   0x080018b8   0x000000c0   Code   RO          876    i.HAL_RTC_SetTime   stm32g0xx_hal_rtc.o
    0x08001978   0x08001978   0x00000034   Code   RO          877    i.HAL_RTC_WaitForSynchro  stm32g0xx_hal_rtc.o
    0x080019ac   0x080019ac   0x000000ee   Code   RO         2636    i.HAL_SPI_Init      stm32g0xx_hal_spi.o
    0x08001a9a   0x08001a9a   0x00000002   PAD
    0x08001a9c   0x08001a9c   0x00000098   Code   RO          334    i.HAL_SPI_MspInit   spi.o
    0x08001b34   0x08001b34   0x000001f2   Code   RO         2645    i.HAL_SPI_TransmitReceive  stm32g0xx_hal_spi.o
    0x08001d26   0x08001d26   0x00000002   PAD
    0x08001d28   0x08001d28   0x00000014   Code   RO         2394    i.HAL_SYSCFG_StrobeDBattpinsConfig  stm32g0xx_hal.o
    0x08001d3c   0x08001d3c   0x00000030   Code   RO         2270    i.HAL_SYSTICK_Config  stm32g0xx_hal_cortex.o
    0x08001d6c   0x08001d6c   0x0000003c   Code   RO         3535    i.HAL_UARTEx_DisableFifoMode  stm32g0xx_hal_uart_ex.o
    0x08001da8   0x08001da8   0x00000002   Code   RO         3128    i.HAL_UARTEx_RxEventCallback  stm32g0xx_hal_uart.o
    0x08001daa   0x08001daa   0x00000002   Code   RO         3542    i.HAL_UARTEx_RxFifoFullCallback  stm32g0xx_hal_uart_ex.o
    0x08001dac   0x08001dac   0x00000048   Code   RO         3543    i.HAL_UARTEx_SetRxFifoThreshold  stm32g0xx_hal_uart_ex.o
    0x08001df4   0x08001df4   0x00000046   Code   RO         3544    i.HAL_UARTEx_SetTxFifoThreshold  stm32g0xx_hal_uart_ex.o
    0x08001e3a   0x08001e3a   0x00000002   Code   RO         3546    i.HAL_UARTEx_TxFifoEmptyCallback  stm32g0xx_hal_uart_ex.o
    0x08001e3c   0x08001e3c   0x00000002   Code   RO         3547    i.HAL_UARTEx_WakeupCallback  stm32g0xx_hal_uart_ex.o
    0x08001e3e   0x08001e3e   0x00000002   Code   RO         3144    i.HAL_UART_ErrorCallback  stm32g0xx_hal_uart.o
    0x08001e40   0x08001e40   0x000002e8   Code   RO         3147    i.HAL_UART_IRQHandler  stm32g0xx_hal_uart.o
    0x08002128   0x08002128   0x0000006c   Code   RO         3148    i.HAL_UART_Init     stm32g0xx_hal_uart.o
    0x08002194   0x08002194   0x0000016c   Code   RO          512    i.HAL_UART_MspInit  usart.o
    0x08002300   0x08002300   0x00000064   Code   RO         3153    i.HAL_UART_Receive_IT  stm32g0xx_hal_uart.o
    0x08002364   0x08002364   0x000000d8   Code   RO          513    i.HAL_UART_RxCpltCallback  usart.o
    0x0800243c   0x0800243c   0x000000d8   Code   RO         3157    i.HAL_UART_Transmit  stm32g0xx_hal_uart.o
    0x08002514   0x08002514   0x00000002   Code   RO         3160    i.HAL_UART_TxCpltCallback  stm32g0xx_hal_uart.o
    0x08002516   0x08002516   0x00000002   Code   RO          642    i.HardFault_Handler  stm32g0xx_it.o
    0x08002518   0x08002518   0x00000034   Code   RO          514    i.IMU_Command       usart.o
    0x0800254c   0x0800254c   0x00000048   Code   RO          515    i.IMU_Decode        usart.o
    0x08002594   0x08002594   0x0000001c   Code   RO          516    i.IMU_Init          usart.o
    0x080025b0   0x080025b0   0x00000014   Code   RO          517    i.IMU_Receive       usart.o
    0x080025c4   0x080025c4   0x00000090   Code   RO         3917    i.KeyToMode         my_robot.o
    0x08002654   0x08002654   0x0000005c   Code   RO         3918    i.KeyToSpeed        my_robot.o
    0x080026b0   0x080026b0   0x00000018   Code   RO          374    i.LL_APB1_GRP1_EnableClock  tim.o
    0x080026c8   0x080026c8   0x00000018   Code   RO          375    i.LL_APB2_GRP1_EnableClock  tim.o
    0x080026e0   0x080026e0   0x000000ac   Code   RO          774    i.LL_GPIO_Init      stm32g0xx_ll_gpio.o
    0x0800278c   0x0800278c   0x00000018   Code   RO          239    i.LL_IOP_GRP1_EnableClock  gpio.o
    0x080027a4   0x080027a4   0x00000018   Code   RO          376    i.LL_IOP_GRP1_EnableClock  tim.o
    0x080027bc   0x080027bc   0x00000014   Code   RO          377    i.LL_RCC_LSE_SetDriveCapability  tim.o
    0x080027d0   0x080027d0   0x00000014   Code   RO          518    i.LL_RCC_LSE_SetDriveCapability  usart.o
    0x080027e4   0x080027e4   0x00000014   Code   RO          519    i.LL_RCC_SetUSARTClockSource  usart.o
    0x080027f8   0x080027f8   0x0000000c   Code   RO         1386    i.LL_SetSystemCoreClock  stm32g0xx_ll_utils.o
    0x08002804   0x08002804   0x0000008c   Code   RO         2998    i.LL_TIM_BDTR_Init  stm32g0xx_ll_tim.o
    0x08002890   0x08002890   0x00000078   Code   RO          378    i.LL_TIM_IC_SetActiveInput  tim.o
    0x08002908   0x08002908   0x00000078   Code   RO          379    i.LL_TIM_IC_SetFilter  tim.o
    0x08002980   0x08002980   0x0000006c   Code   RO          380    i.LL_TIM_IC_SetPolarity  tim.o
    0x080029ec   0x080029ec   0x0000006c   Code   RO         3677    i.LL_TIM_IC_SetPolarity  usonic.o
    0x08002a58   0x08002a58   0x00000078   Code   RO          381    i.LL_TIM_IC_SetPrescaler  tim.o
    0x08002ad0   0x08002ad0   0x00000084   Code   RO         3007    i.LL_TIM_Init       stm32g0xx_ll_tim.o
    0x08002b54   0x08002b54   0x00000070   Code   RO          382    i.LL_TIM_OC_DisableFast  tim.o
    0x08002bc4   0x08002bc4   0x00000070   Code   RO          383    i.LL_TIM_OC_EnablePreload  tim.o
    0x08002c34   0x08002c34   0x00000180   Code   RO         3008    i.LL_TIM_OC_Init    stm32g0xx_ll_tim.o
    0x08002db4   0x08002db4   0x0000000c   Code   RO          384    i.LL_TIM_SetTriggerOutput  tim.o
    0x08002dc0   0x08002dc0   0x00000020   Code   RO         1387    i.LL_mDelay         stm32g0xx_ll_utils.o
    0x08002de0   0x08002de0   0x00000070   Code   RO         3919    i.Line_Patrol_PID   my_robot.o
    0x08002e50   0x08002e50   0x00000078   Code   RO          240    i.MX_GPIO_Init      gpio.o
    0x08002ec8   0x08002ec8   0x000000b8   Code   RO          281    i.MX_RTC_Init       rtc.o
    0x08002f80   0x08002f80   0x0000004c   Code   RO          335    i.MX_SPI2_Init      spi.o
    0x08002fcc   0x08002fcc   0x000000d8   Code   RO          385    i.MX_TIM14_Init     tim.o
    0x080030a4   0x080030a4   0x0000010c   Code   RO          386    i.MX_TIM15_Init     tim.o
    0x080031b0   0x080031b0   0x000000c8   Code   RO          387    i.MX_TIM16_Init     tim.o
    0x08003278   0x08003278   0x000000c8   Code   RO          388    i.MX_TIM17_Init     tim.o
    0x08003340   0x08003340   0x00000178   Code   RO          389    i.MX_TIM3_Init      tim.o
    0x080034b8   0x080034b8   0x00000070   Code   RO          390    i.MX_TIM6_Init      tim.o
    0x08003528   0x08003528   0x0000006c   Code   RO          391    i.MX_TIM7_Init      tim.o
    0x08003594   0x08003594   0x00000068   Code   RO          520    i.MX_USART1_UART_Init  usart.o
    0x080035fc   0x080035fc   0x00000068   Code   RO          521    i.MX_USART2_UART_Init  usart.o
    0x08003664   0x08003664   0x0000003c   Code   RO          522    i.MX_USART3_UART_Init  usart.o
    0x080036a0   0x080036a0   0x0000003c   Code   RO          523    i.MX_USART4_UART_Init  usart.o
    0x080036dc   0x080036dc   0x00000024   Code   RO         3678    i.Mean_Filter       usonic.o
    0x08003700   0x08003700   0x00000002   Code   RO          643    i.NMI_Handler       stm32g0xx_it.o
    0x08003702   0x08003702   0x00000002   PAD
    0x08003704   0x08003704   0x00000028   Code   RO         3920    i.NRF_IRQ           my_robot.o
    0x0800372c   0x0800372c   0x00000090   Code   RO         3011    i.OC1Config         stm32g0xx_ll_tim.o
    0x080037bc   0x080037bc   0x00000098   Code   RO         3012    i.OC2Config         stm32g0xx_ll_tim.o
    0x08003854   0x08003854   0x0000009c   Code   RO         3013    i.OC3Config         stm32g0xx_ll_tim.o
    0x080038f0   0x080038f0   0x00000002   Code   RO          644    i.PendSV_Handler    stm32g0xx_it.o
    0x080038f2   0x080038f2   0x00000002   PAD
    0x080038f4   0x080038f4   0x0000014c   Code   RO         3862    i.Planter           task.o
    0x08003a40   0x08003a40   0x00000010   Code   RO          878    i.RTC_Bcd2ToByte    stm32g0xx_hal_rtc.o
    0x08003a50   0x08003a50   0x00000018   Code   RO          879    i.RTC_ByteToBcd2    stm32g0xx_hal_rtc.o
    0x08003a68   0x08003a68   0x00000044   Code   RO          880    i.RTC_EnterInitMode  stm32g0xx_hal_rtc.o
    0x08003aac   0x08003aac   0x00000050   Code   RO          881    i.RTC_ExitInitMode  stm32g0xx_hal_rtc.o
    0x08003afc   0x08003afc   0x00000010   Code   RO          645    i.RTC_TAMP_IRQHandler  stm32g0xx_it.o
    0x08003b0c   0x08003b0c   0x00000034   Code   RO         3863    i.Receive_Shape     task.o
    0x08003b40   0x08003b40   0x0000003c   Code   RO         3782    i.Run_time          elapse.o
    0x08003b7c   0x08003b7c   0x0000004c   Code   RO         3783    i.Run_time_PID      elapse.o
    0x08003bc8   0x08003bc8   0x0000004c   Code   RO         2674    i.SPI_EndRxTxTransaction  stm32g0xx_hal_spi.o
    0x08003c14   0x08003c14   0x000000d8   Code   RO         2679    i.SPI_WaitFifoStateUntilTimeout  stm32g0xx_hal_spi.o
    0x08003cec   0x08003cec   0x000000b8   Code   RO         2680    i.SPI_WaitFlagStateUntilTimeout  stm32g0xx_hal_spi.o
    0x08003da4   0x08003da4   0x00000002   Code   RO          646    i.SVC_Handler       stm32g0xx_it.o
    0x08003da6   0x08003da6   0x00000002   PAD
    0x08003da8   0x08003da8   0x000002f8   Code   RO         3784    i.Send_Time         elapse.o
    0x080040a0   0x080040a0   0x00000068   Code   RO         3734    i.SpeedToPWM        motion.o
    0x08004108   0x08004108   0x00000008   Code   RO          647    i.SysTick_Handler   stm32g0xx_it.o
    0x08004110   0x08004110   0x000000d4   Code   RO           13    i.SystemClock_Config  main.o
    0x080041e4   0x080041e4   0x00000002   Code   RO         3644    i.SystemInit        system_stm32g0xx.o
    0x080041e6   0x080041e6   0x00000002   PAD
    0x080041e8   0x080041e8   0x0000001c   Code   RO          648    i.TIM14_IRQHandler  stm32g0xx_it.o
    0x08004204   0x08004204   0x00000008   Code   RO          649    i.TIM15_IRQHandler  stm32g0xx_it.o
    0x0800420c   0x0800420c   0x00000008   Code   RO          650    i.TIM16_IRQHandler  stm32g0xx_it.o
    0x08004214   0x08004214   0x00000008   Code   RO          651    i.TIM17_IRQHandler  stm32g0xx_it.o
    0x0800421c   0x0800421c   0x00000040   Code   RO          652    i.TIM6_IRQHandler   stm32g0xx_it.o
    0x0800425c   0x0800425c   0x00000030   Code   RO          653    i.TIM7_IRQHandler   stm32g0xx_it.o
    0x0800428c   0x0800428c   0x00000254   Code   RO         3864    i.Trash             task.o
    0x080044e0   0x080044e0   0x00000038   Code   RO         3785    i.Turn_angle        elapse.o
    0x08004518   0x08004518   0x00000044   Code   RO         3548    i.UARTEx_SetNbDataToProcess  stm32g0xx_hal_uart_ex.o
    0x0800455c   0x0800455c   0x000000ca   Code   RO         3162    i.UART_AdvFeatureConfig  stm32g0xx_hal_uart.o
    0x08004626   0x08004626   0x00000002   PAD
    0x08004628   0x08004628   0x00000064   Code   RO         3163    i.UART_CheckIdleState  stm32g0xx_hal_uart.o
    0x0800468c   0x0800468c   0x00000014   Code   RO         3164    i.UART_DMAAbortOnError  stm32g0xx_hal_uart.o
    0x080046a0   0x080046a0   0x00000064   Code   RO         3174    i.UART_EndRxTransfer  stm32g0xx_hal_uart.o
    0x08004704   0x08004704   0x000000ac   Code   RO         3176    i.UART_RxISR_16BIT  stm32g0xx_hal_uart.o
    0x080047b0   0x080047b0   0x0000018c   Code   RO         3177    i.UART_RxISR_16BIT_FIFOEN  stm32g0xx_hal_uart.o
    0x0800493c   0x0800493c   0x000000ac   Code   RO         3178    i.UART_RxISR_8BIT   stm32g0xx_hal_uart.o
    0x080049e8   0x080049e8   0x0000018c   Code   RO         3179    i.UART_RxISR_8BIT_FIFOEN  stm32g0xx_hal_uart.o
    0x08004b74   0x08004b74   0x00000190   Code   RO         3180    i.UART_SetConfig    stm32g0xx_hal_uart.o
    0x08004d04   0x08004d04   0x00000134   Code   RO         3182    i.UART_Start_Receive_IT  stm32g0xx_hal_uart.o
    0x08004e38   0x08004e38   0x000000d2   Code   RO         3187    i.UART_WaitOnFlagUntilTimeout  stm32g0xx_hal_uart.o
    0x08004f0a   0x08004f0a   0x00000002   PAD
    0x08004f0c   0x08004f0c   0x00000010   Code   RO          654    i.USART1_IRQHandler  stm32g0xx_it.o
    0x08004f1c   0x08004f1c   0x00000010   Code   RO          655    i.USART2_IRQHandler  stm32g0xx_it.o
    0x08004f2c   0x08004f2c   0x00000018   Code   RO          656    i.USART3_4_IRQHandler  stm32g0xx_it.o
    0x08004f44   0x08004f44   0x00000030   Code   RO         3679    i.US_Sample         usonic.o
    0x08004f74   0x08004f74   0x0000006c   Code   RO         3680    i.USonic1           usonic.o
    0x08004fe0   0x08004fe0   0x0000006c   Code   RO         3681    i.USonic2           usonic.o
    0x0800504c   0x0800504c   0x00000030   Code   RO         3788    i.Wait              elapse.o
    0x0800507c   0x0800507c   0x00000020   Code   RO         7292    i.__0printf$6       mc_p.l(printf6.o)
    0x0800509c   0x0800509c   0x0000002e   Code   RO         4955    i.__ARM_clz         fastmathfunctions.o
    0x080050ca   0x080050ca   0x0000001a   Code   RO         1965    i.__ARM_common_switch8  stm32g0xx_hal_dma.o
    0x080050e4   0x080050e4   0x00000018   Code   RO          392    i.__NVIC_EnableIRQ  tim.o
    0x080050fc   0x080050fc   0x00000044   Code   RO          393    i.__NVIC_SetPriority  tim.o
    0x08005140   0x08005140   0x00000044   Code   RO         2272    i.__NVIC_SetPriority  stm32g0xx_hal_cortex.o
    0x08005184   0x08005184   0x0000000e   Code   RO         7473    i.__scatterload_copy  mc_p.l(handlers.o)
    0x08005192   0x08005192   0x00000002   Code   RO         7474    i.__scatterload_null  mc_p.l(handlers.o)
    0x08005194   0x08005194   0x0000000e   Code   RO         7475    i.__scatterload_zeroinit  mc_p.l(handlers.o)
    0x080051a2   0x080051a2   0x00000002   PAD
    0x080051a4   0x080051a4   0x00000304   Code   RO         7299    i._printf_core      mc_p.l(printf6.o)
    0x080054a8   0x080054a8   0x00000020   Code   RO         7300    i._printf_post_padding  mc_p.l(printf6.o)
    0x080054c8   0x080054c8   0x0000002c   Code   RO         7301    i._printf_pre_padding  mc_p.l(printf6.o)
    0x080054f4   0x080054f4   0x0000002c   Code   RO         4110    i.arm_abs_q15       basicmathfunctions.o
    0x08005520   0x08005520   0x00000022   Code   RO         6149    i.arm_mean_q15      statisticsfunctions.o
    0x08005542   0x08005542   0x00000002   PAD
    0x08005544   0x08005544   0x00000044   Code   RO         4006    i.delay_us          nrf.o
    0x08005588   0x08005588   0x0000001c   Code   RO           14    i.fputc             main.o
    0x080055a4   0x080055a4   0x00000088   Code   RO         3921    i.instruction_refresh  my_robot.o
    0x0800562c   0x0800562c   0x0000008c   Code   RO           15    i.main              main.o
    0x080056b8   0x080056b8   0x00000044   Code   RO         4007    i.nRF24L01_Check    nrf.o
    0x080056fc   0x080056fc   0x00000044   Code   RO         4008    i.nRF24L01_Read_Buf  nrf.o
    0x08005740   0x08005740   0x00000034   Code   RO         4009    i.nRF24L01_Read_Reg  nrf.o
    0x08005774   0x08005774   0x0000004c   Code   RO         4010    i.nRF24L01_RxPacket  nrf.o
    0x080057c0   0x080057c0   0x00000090   Code   RO         4012    i.nRF24L01_Set_Config  nrf.o
    0x08005850   0x08005850   0x00000040   Code   RO         4016    i.nRF24L01_Write_Buf  nrf.o
    0x08005890   0x08005890   0x00000038   Code   RO         4017    i.nRF24L01_Write_Reg  nrf.o
    0x080058c8   0x080058c8   0x00000020   Code   RO         4018    i.nRF24_SPI_Send_Byte  nrf.o
    0x080058e8   0x080058e8   0x00000038   Code   RO         3922    i.nrf_init          my_robot.o
    0x08005920   0x08005920   0x000000b0   Code   RO         3923    i.read_keys         my_robot.o
    0x080059d0   0x080059d0   0x00000024   Data   RO          394    .constdata          tim.o
    0x080059f4   0x080059f4   0x00000018   Data   RO         3188    .constdata          stm32g0xx_hal_uart.o
    0x08005a0c   0x08005a0c   0x00000010   Data   RO         3549    .constdata          stm32g0xx_hal_uart_ex.o
    0x08005a1c   0x08005a1c   0x00000020   Data   RO         3646    .constdata          system_stm32g0xx.o
    0x08005a3c   0x08005a3c   0x00000009   Data   RO         3683    .constdata          usonic.o
    0x08005a45   0x08005a45   0x00000003   PAD
    0x08005a48   0x08005a48   0x00000020   Data   RO         7471    Region$$Table       anon$$obj.o


    Execution Region RW_IRAM1 (Exec base: 0x20000000, Load base: 0x08005a68, Size: 0x00000900, Max: 0x00009000, ABSOLUTE)

    Exec Addr    Load Addr    Size         Type   Attr      Idx    E Section Name        Object

    0x20000000   0x08005a68   0x00000015   Data   RW          525    .data               usart.o
    0x20000015   0x08005a7d   0x00000003   PAD
    0x20000018   0x08005a80   0x0000000c   Data   RW         2397    .data               stm32g0xx_hal.o
    0x20000024   0x08005a8c   0x00000004   Data   RW         3647    .data               system_stm32g0xx.o
    0x20000028   0x08005a90   0x00000004   Data   RW         3684    .data               usonic.o
    0x2000002c   0x08005a94   0x0000000c   Data   RW         3736    .data               motion.o
    0x20000038   0x08005aa0   0x00000008   Data   RW         3790    .data               elapse.o
    0x20000040   0x08005aa8   0x00000002   Data   RW         3866    .data               task.o
    0x20000042   0x08005aaa   0x00000002   PAD
    0x20000044   0x08005aac   0x00000010   Data   RW         3926    .data               my_robot.o
    0x20000054   0x08005abc   0x0000000a   Data   RW         4022    .data               nrf.o
    0x2000005e   0x08005ac6   0x00000002   PAD
    0x20000060   0x08005ac8   0x00000004   Data   RW         7448    .data               mc_p.l(stdout.o)
    0x20000064        -       0x0000002c   Zero   RW          283    .bss                rtc.o
    0x20000090        -       0x00000064   Zero   RW          336    .bss                spi.o
    0x200000f4        -       0x000002a8   Zero   RW          524    .bss                usart.o
    0x2000039c        -       0x00000094   Zero   RW         3682    .bss                usonic.o
    0x20000430        -       0x0000003c   Zero   RW         3735    .bss                motion.o
    0x2000046c        -       0x00000014   Zero   RW         3789    .bss                elapse.o
    0x20000480        -       0x0000000a   Zero   RW         3865    .bss                task.o
    0x2000048a        -       0x00000052   Zero   RW         3925    .bss                my_robot.o
    0x200004dc        -       0x00000023   Zero   RW         4021    .bss                nrf.o
    0x200004ff   0x08005acc   0x00000001   PAD
    0x20000500        -       0x00000400   Zero   RW            1    STACK               startup_stm32g070xx.o


==============================================================================

Image component sizes


      Code (inc. data)   RO Data    RW Data    ZI Data      Debug   Object Name

        44          4          0          0          0      16142   basicmathfunctions.o
         0          0          0          0          0      15388   complexmathfunctions.o
      1076        564          0          8         20       4633   elapse.o
        46          0          0          0          0         60   fastmathfunctions.o
       144         10          0          0          0       8715   gpio.o
       384         52          0          0          0     434924   main.o
       564         38          0         12         60      35981   motion.o
      1024        116          0         16         82      39649   my_robot.o
       628         54          0         10         35       8076   nrf.o
       384         22          0          0         44      26993   rtc.o
       228         22          0          0        100      17209   spi.o
        28          8        184          0       1024        616   startup_stm32g070xx.o
        34          0          0          0          0        791   statisticsfunctions.o
       196         30          0         12          0      16760   stm32g0xx_hal.o
       148         24          0          0          0      12049   stm32g0xx_hal_cortex.o
       266         10          0          0          0       1951   stm32g0xx_hal_dma.o
         0          0          0          0          0       2704   stm32g0xx_hal_flash.o
       360         18          0          0          0       1912   stm32g0xx_hal_gpio.o
        52          6          0          0          0        806   stm32g0xx_hal_msp.o
       180         24          0          0          0      17931   stm32g0xx_hal_rcc.o
       908         24          0          0          0       7739   stm32g0xx_hal_rtc.o
       230          8          0          0          0       1984   stm32g0xx_hal_rtc_ex.o
      1212          8          0          0          0       6253   stm32g0xx_hal_spi.o
      3650        104         24          0          0      41746   stm32g0xx_hal_uart.o
       276          6         16          0          0       5058   stm32g0xx_hal_uart_ex.o
       252         64          0          0          0      39551   stm32g0xx_it.o
       172          0          0          0          0       6787   stm32g0xx_ll_gpio.o
      1108        116          0          0          0      45402   stm32g0xx_ll_tim.o
        44         10          0          0          0       5752   stm32g0xx_ll_utils.o
         2          0         32          4          0       1075   system_stm32g0xx.o
      2652        258          0          2         10      39537   task.o
      2368        184         36          0          0      58429   tim.o
      1480        164          0         21        680      25864   usart.o
       408         46          9          4        148      36378   usonic.o

    ----------------------------------------------------------------------
     20568       1994        336         96       2204     984845   Object Totals
         0          0         32          0          0          0   (incl. Generated)
        20          0          3          7          1          0   (incl. Padding)

    ----------------------------------------------------------------------

      Code (inc. data)   RO Data    RW Data    ZI Data      Debug   Library Member Name

         0          0          0          0          0          0   entry.o
         0          0          0          0          0          0   entry10a.o
         0          0          0          0          0          0   entry11a.o
         8          4          0          0          0          0   entry2.o
         4          0          0          0          0          0   entry5.o
         0          0          0          0          0          0   entry7b.o
         0          0          0          0          0          0   entry8b.o
         8          4          0          0          0          0   entry9a.o
        30          0          0          0          0          0   handlers.o
        40          0          0          0          0         72   idiv.o
        36          8          0          0          0         68   init.o
         0          0          0          0          0          0   iusefp.o
        32          0          0          0          0         68   llshl.o
        34          0          0          0          0         68   llushr.o
        36          0          0          0          0        100   memseta.o
       880         12          0          0          0        324   printf6.o
         0          0          0          4          0          0   stdout.o
        44          0          0          0          0         72   uidiv.o
        20          0          0          0          0         68   cfcmple.o
        20          0          0          0          0         68   cfrcmple.o
        56          0          0          0          0         68   d2f.o
       190          0          0          0          0        156   depilogue.o
        40          6          0          0          0         68   dflti.o
       208          6          0          0          0         88   dmul.o
        44          0          0          0          0         72   dscalb.o
       178          0          0          0          0        108   fadd.o
       130          0          0          0          0        144   fepilogue.o
        50          0          0          0          0         60   ffixi.o
        22          0          0          0          0         68   fflti.o
       122          0          0          0          0         72   fmul.o

    ----------------------------------------------------------------------
      2240         40          0          4          0       1812   Library Totals
         8          0          0          0          0          0   (incl. Padding)

    ----------------------------------------------------------------------

      Code (inc. data)   RO Data    RW Data    ZI Data      Debug   Library Name

      1152         28          0          4          0        772   mc_p.l
      1080         12          0          0          0       1040   mf_p.l

    ----------------------------------------------------------------------
      2240         40          0          4          0       1812   Library Totals

    ----------------------------------------------------------------------

==============================================================================


      Code (inc. data)   RO Data    RW Data    ZI Data      Debug   

     22808       2034        336        100       2204     978433   Grand Totals
     22808       2034        336        100       2204     978433   ELF Image Totals
     22808       2034        336        100          0          0   ROM Totals

==============================================================================

    Total RO  Size (Code + RO Data)                23144 (  22.60kB)
    Total RW  Size (RW Data + ZI Data)              2304 (   2.25kB)
    Total ROM Size (Code + RO Data + RW Data)      23244 (  22.70kB)

==============================================================================

