<html>
<body>
<pre>
<h1>µVision Build Log</h1>
<h2>Tool Versions:</h2>
IDE-Version: ¦ÌVision V5.29.0.0
Copyright (C) 2019 ARM Ltd and ARM Germany GmbH. All rights reserved.
License Information: Jingxian Lin, UESTC, LIC=GMZI6-DUFK4-CXDU6-DQ9VD-DTA59-583GG
 
Tool Versions:
Toolchain:       MDK-ARM Plus  Version: 5.29.0.0
Toolchain Path:  E:\Program Files (x86)\Keil_v5\ARM\ARMCC\Bin
C Compiler:      Armcc.exe V5.06 update 6 (build 750)
Assembler:       Armasm.exe V5.06 update 6 (build 750)
Linker/Locator:  ArmLink.exe V5.06 update 6 (build 750)
Library Manager: ArmAr.exe V5.06 update 6 (build 750)
Hex Converter:   FromElf.exe V5.06 update 6 (build 750)
CPU DLL:         SARMCM3.DLL V5.29.0.0
Dialog DLL:      DARMCM1.DLL V1.19.2.0
Target DLL:      CMSIS_AGDI.dll V1.32.0.0
Dialog DLL:      TARMCM1.DLL V1.14.1.0
 
<h2>Project:</h2>
E:\Documents\Keil\TDPS\CHAS_G0_V2_Patio1\MDK-ARM\CHAS_G0_V2_Patio1.uvprojx
Project File Date:  06/10/2022

<h2>Output:</h2>
*** Using Compiler 'V5.06 update 6 (build 750)', folder: 'E:\Program Files (x86)\Keil_v5\ARM\ARMCC\Bin'
Build target 'CHAS_G0_V2_Patio1'
compiling stm32g0xx_it.c...
linking...
Program Size: Code=22808 RO-data=336 RW-data=100 ZI-data=2204  
FromELF: creating hex file...
"CHAS_G0_V2_Patio1\CHAS_G0_V2_Patio1.axf" - 0 Error(s), 0 Warning(s).

<h2>Software Packages used:</h2>

Package Vendor: ARM
                http://www.keil.com/pack/ARM.CMSIS.5.6.0.pack
                ARM.CMSIS.5.6.0
                CMSIS (Cortex Microcontroller Software Interface Standard)
   * Component: CORE Version: 5.3.0
   * Component: DSP Variant: Source Version: 1.7.0

Package Vendor: Keil
                http://www.keil.com/pack/Keil.STM32G0xx_DFP.1.4.0.pack
                Keil.STM32G0xx_DFP.1.4.0
                STMicroelectronics STM32G0 Series Device Support

<h2>Collection of Component include folders:</h2>
  .\RTE\_CHAS_G0_V2_Patio1
  E:\Program Files (x86)\Arm\Packs\ARM\CMSIS\5.6.0\CMSIS\Core\Include
  E:\Program Files (x86)\Arm\Packs\ARM\CMSIS\5.6.0\CMSIS\DSP\Include
  E:\Program Files (x86)\Arm\Packs\Keil\STM32G0xx_DFP\1.4.0\Drivers\CMSIS\Device\ST\STM32G0xx\Include

<h2>Collection of Component Files used:</h2>

   * Component: ARM::CMSIS:CORE:5.3.0

   * Component: ARM::CMSIS:DSP:Source:1.7.0
      Include file:  CMSIS\DSP\Include\arm_math.h
      Source file:   CMSIS\DSP\Source\MatrixFunctions\MatrixFunctions.c
      Source file:   CMSIS\DSP\Source\FilteringFunctions\FilteringFunctions.c
      Source file:   CMSIS\DSP\Source\TransformFunctions\TransformFunctions.c
      Source file:   CMSIS\DSP\Source\FastMathFunctions\FastMathFunctions.c
      Source file:   CMSIS\DSP\Source\StatisticsFunctions\StatisticsFunctions.c
      Source file:   CMSIS\DSP\Source\ControllerFunctions\ControllerFunctions.c
      Source file:   CMSIS\DSP\Source\SupportFunctions\SupportFunctions.c
      Source file:   CMSIS\DSP\Source\BasicMathFunctions\BasicMathFunctions.c
      Source file:   CMSIS\DSP\Source\ComplexMathFunctions\ComplexMathFunctions.c
      Source file:   CMSIS\DSP\Source\CommonTables\CommonTables.c
Build Time Elapsed:  00:00:03
</pre>
</body>
</html>
